Archive member included to satisfy reference by file (symbol)

C:/Program Files/STMicroelectronics/STM32Cube/STM32CubeCLT_1.18.0/GNU-tools-for-STM32/bin/../lib/gcc/arm-none-eabi/13.3.1/../../../../arm-none-eabi/lib/thumb/v7-m/nofp\libc_nano.a(libc_a-exit.o)
                              C:/Program Files/STMicroelectronics/STM32Cube/STM32CubeCLT_1.18.0/GNU-tools-for-STM32/bin/../lib/gcc/arm-none-eabi/13.3.1/../../../../arm-none-eabi/lib/thumb/v7-m/nofp/crt0.o (exit)
C:/Program Files/STMicroelectronics/STM32Cube/STM32CubeCLT_1.18.0/GNU-tools-for-STM32/bin/../lib/gcc/arm-none-eabi/13.3.1/../../../../arm-none-eabi/lib/thumb/v7-m/nofp\libc_nano.a(libc_a-findfp.o)
                              C:/Program Files/STMicroelectronics/STM32Cube/STM32CubeCLT_1.18.0/GNU-tools-for-STM32/bin/../lib/gcc/arm-none-eabi/13.3.1/../../../../arm-none-eabi/lib/thumb/v7-m/nofp\libc_nano.a(libc_a-exit.o) (__stdio_exit_handler)
C:/Program Files/STMicroelectronics/STM32Cube/STM32CubeCLT_1.18.0/GNU-tools-for-STM32/bin/../lib/gcc/arm-none-eabi/13.3.1/../../../../arm-none-eabi/lib/thumb/v7-m/nofp\libc_nano.a(libc_a-fwalk.o)
                              C:/Program Files/STMicroelectronics/STM32Cube/STM32CubeCLT_1.18.0/GNU-tools-for-STM32/bin/../lib/gcc/arm-none-eabi/13.3.1/../../../../arm-none-eabi/lib/thumb/v7-m/nofp\libc_nano.a(libc_a-findfp.o) (_fwalk_sglue)
C:/Program Files/STMicroelectronics/STM32Cube/STM32CubeCLT_1.18.0/GNU-tools-for-STM32/bin/../lib/gcc/arm-none-eabi/13.3.1/../../../../arm-none-eabi/lib/thumb/v7-m/nofp\libc_nano.a(libc_a-stdio.o)
                              C:/Program Files/STMicroelectronics/STM32Cube/STM32CubeCLT_1.18.0/GNU-tools-for-STM32/bin/../lib/gcc/arm-none-eabi/13.3.1/../../../../arm-none-eabi/lib/thumb/v7-m/nofp\libc_nano.a(libc_a-findfp.o) (__sread)
C:/Program Files/STMicroelectronics/STM32Cube/STM32CubeCLT_1.18.0/GNU-tools-for-STM32/bin/../lib/gcc/arm-none-eabi/13.3.1/../../../../arm-none-eabi/lib/thumb/v7-m/nofp\libc_nano.a(libc_a-memset.o)
                              C:/Program Files/STMicroelectronics/STM32Cube/STM32CubeCLT_1.18.0/GNU-tools-for-STM32/bin/../lib/gcc/arm-none-eabi/13.3.1/../../../../arm-none-eabi/lib/thumb/v7-m/nofp/crt0.o (memset)
C:/Program Files/STMicroelectronics/STM32Cube/STM32CubeCLT_1.18.0/GNU-tools-for-STM32/bin/../lib/gcc/arm-none-eabi/13.3.1/../../../../arm-none-eabi/lib/thumb/v7-m/nofp\libc_nano.a(libc_a-closer.o)
                              C:/Program Files/STMicroelectronics/STM32Cube/STM32CubeCLT_1.18.0/GNU-tools-for-STM32/bin/../lib/gcc/arm-none-eabi/13.3.1/../../../../arm-none-eabi/lib/thumb/v7-m/nofp\libc_nano.a(libc_a-stdio.o) (_close_r)
C:/Program Files/STMicroelectronics/STM32Cube/STM32CubeCLT_1.18.0/GNU-tools-for-STM32/bin/../lib/gcc/arm-none-eabi/13.3.1/../../../../arm-none-eabi/lib/thumb/v7-m/nofp\libc_nano.a(libc_a-reent.o)
                              C:/Program Files/STMicroelectronics/STM32Cube/STM32CubeCLT_1.18.0/GNU-tools-for-STM32/bin/../lib/gcc/arm-none-eabi/13.3.1/../../../../arm-none-eabi/lib/thumb/v7-m/nofp\libc_nano.a(libc_a-closer.o) (errno)
C:/Program Files/STMicroelectronics/STM32Cube/STM32CubeCLT_1.18.0/GNU-tools-for-STM32/bin/../lib/gcc/arm-none-eabi/13.3.1/../../../../arm-none-eabi/lib/thumb/v7-m/nofp\libc_nano.a(libc_a-impure.o)
                              C:/Program Files/STMicroelectronics/STM32Cube/STM32CubeCLT_1.18.0/GNU-tools-for-STM32/bin/../lib/gcc/arm-none-eabi/13.3.1/../../../../arm-none-eabi/lib/thumb/v7-m/nofp\libc_nano.a(libc_a-reent.o) (_impure_ptr)
C:/Program Files/STMicroelectronics/STM32Cube/STM32CubeCLT_1.18.0/GNU-tools-for-STM32/bin/../lib/gcc/arm-none-eabi/13.3.1/../../../../arm-none-eabi/lib/thumb/v7-m/nofp\libc_nano.a(libc_a-lseekr.o)
                              C:/Program Files/STMicroelectronics/STM32Cube/STM32CubeCLT_1.18.0/GNU-tools-for-STM32/bin/../lib/gcc/arm-none-eabi/13.3.1/../../../../arm-none-eabi/lib/thumb/v7-m/nofp\libc_nano.a(libc_a-stdio.o) (_lseek_r)
C:/Program Files/STMicroelectronics/STM32Cube/STM32CubeCLT_1.18.0/GNU-tools-for-STM32/bin/../lib/gcc/arm-none-eabi/13.3.1/../../../../arm-none-eabi/lib/thumb/v7-m/nofp\libc_nano.a(libc_a-readr.o)
                              C:/Program Files/STMicroelectronics/STM32Cube/STM32CubeCLT_1.18.0/GNU-tools-for-STM32/bin/../lib/gcc/arm-none-eabi/13.3.1/../../../../arm-none-eabi/lib/thumb/v7-m/nofp\libc_nano.a(libc_a-stdio.o) (_read_r)
C:/Program Files/STMicroelectronics/STM32Cube/STM32CubeCLT_1.18.0/GNU-tools-for-STM32/bin/../lib/gcc/arm-none-eabi/13.3.1/../../../../arm-none-eabi/lib/thumb/v7-m/nofp\libc_nano.a(libc_a-writer.o)
                              C:/Program Files/STMicroelectronics/STM32Cube/STM32CubeCLT_1.18.0/GNU-tools-for-STM32/bin/../lib/gcc/arm-none-eabi/13.3.1/../../../../arm-none-eabi/lib/thumb/v7-m/nofp\libc_nano.a(libc_a-stdio.o) (_write_r)
C:/Program Files/STMicroelectronics/STM32Cube/STM32CubeCLT_1.18.0/GNU-tools-for-STM32/bin/../lib/gcc/arm-none-eabi/13.3.1/../../../../arm-none-eabi/lib/thumb/v7-m/nofp\libc_nano.a(libc_a-init.o)
[...]
Memory Configuration

Name             Origin             Length             Attributes
RAM              0x20000000         0x00010000         xrw
FLASH            0x08000000         0x00080000         xr
*default*        0x00000000         0xffffffff

Linker script and memory map

LOAD C:/Program Files/STMicroelectronics/STM32Cube/STM32CubeCLT_1.18.0/GNU-tools-for-STM32/bin/../lib/gcc/arm-none-eabi/13.3.1/thumb/v7-m/nofp/crti.o
LOAD C:/Program Files/STMicroelectronics/STM32Cube/STM32CubeCLT_1.18.0/GNU-tools-for-STM32/bin/../lib/gcc/arm-none-eabi/13.3.1/thumb/v7-m/nofp/crtbegin.o
LOAD C:/Program Files/STMicroelectronics/STM32Cube/STM32CubeCLT_1.18.0/GNU-tools-for-STM32/bin/../lib/gcc/arm-none-eabi/13.3.1/../../../../arm-none-eabi/lib/thumb/v7-m/nofp/crt0.o
START GROUP
LOAD C:/Program Files/STMicroelectronics/STM32Cube/STM32CubeCLT_1.18.0/GNU-tools-for-STM32/bin/../lib/gcc/arm-none-eabi/13.3.1/../../../../arm-none-eabi/lib/thumb/v7-m/nofp\libc_nano.a
LOAD C:/Program Files/STMicroelectronics/STM32Cube/STM32CubeCLT_1.18.0/GNU-tools-for-STM32/bin/../lib/gcc/arm-none-eabi/13.3.1/../../../../arm-none-eabi/lib/thumb/v7-m/nofp\libm.a
END GROUP
LOAD cmake/stm32cubemx/CMakeFiles/STM32_Drivers.dir/__/__/Core/Src/system_stm32f1xx.c.obj
LOAD cmake/stm32cubemx/CMakeFiles/STM32_Drivers.dir/__/__/Drivers/STM32F1xx_HAL_Driver/Src/stm32f1xx_hal_gpio_ex.c.obj
LOAD cmake/stm32cubemx/CMakeFiles/STM32_Drivers.dir/__/__/Drivers/STM32F1xx_HAL_Driver/Src/stm32f1xx_hal_tim.c.obj
LOAD cmake/stm32cubemx/CMakeFiles/STM32_Drivers.dir/__/__/Drivers/STM32F1xx_HAL_Driver/Src/stm32f1xx_hal_tim_ex.c.obj
LOAD cmake/stm32cubemx/CMakeFiles/STM32_Drivers.dir/__/__/Drivers/STM32F1xx_HAL_Driver/Src/stm32f1xx_hal.c.obj
LOAD cmake/stm32cubemx/CMakeFiles/STM32_Drivers.dir/__/__/Drivers/STM32F1xx_HAL_Driver/Src/stm32f1xx_hal_rcc.c.obj
LOAD cmake/stm32cubemx/CMakeFiles/STM32_Drivers.dir/__/__/Drivers/STM32F1xx_HAL_Driver/Src/stm32f1xx_hal_rcc_ex.c.obj
LOAD cmake/stm32cubemx/CMakeFiles/STM32_Drivers.dir/__/__/Drivers/STM32F1xx_HAL_Driver/Src/stm32f1xx_hal_gpio.c.obj
LOAD cmake/stm32cubemx/CMakeFiles/STM32_Drivers.dir/__/__/Drivers/STM32F1xx_HAL_Driver/Src/stm32f1xx_hal_dma.c.obj
LOAD cmake/stm32cubemx/CMakeFiles/STM32_Drivers.dir/__/__/Drivers/STM32F1xx_HAL_Driver/Src/stm32f1xx_hal_cortex.c.obj
LOAD cmake/stm32cubemx/CMakeFiles/STM32_Drivers.dir/__/__/Drivers/STM32F1xx_HAL_Driver/Src/stm32f1xx_hal_pwr.c.obj
LOAD cmake/stm32cubemx/CMakeFiles/STM32_Drivers.dir/__/__/Drivers/STM32F1xx_HAL_Driver/Src/stm32f1xx_hal_flash.c.obj
LOAD cmake/stm32cubemx/CMakeFiles/STM32_Drivers.dir/__/__/Drivers/STM32F1xx_HAL_Driver/Src/stm32f1xx_hal_flash_ex.c.obj
LOAD cmake/stm32cubemx/CMakeFiles/STM32_Drivers.dir/__/__/Drivers/STM32F1xx_HAL_Driver/Src/stm32f1xx_hal_exti.c.obj
LOAD CMakeFiles/HKUST-ELEC3300-Project.dir/Core/Src/main.c.obj
LOAD CMakeFiles/HKUST-ELEC3300-Project.dir/Core/Src/stm32f1xx_it.c.obj
LOAD CMakeFiles/HKUST-ELEC3300-Project.dir/Core/Src/stm32f1xx_hal_msp.c.obj
LOAD CMakeFiles/HKUST-ELEC3300-Project.dir/Core/Src/sysmem.c.obj
LOAD CMakeFiles/HKUST-ELEC3300-Project.dir/Core/Src/syscalls.c.obj
LOAD CMakeFiles/HKUST-ELEC3300-Project.dir/startup_stm32f103xe.s.obj
START GROUP
LOAD C:/Program Files/STMicroelectronics/STM32Cube/STM32CubeCLT_1.18.0/GNU-tools-for-STM32/bin/../lib/gcc/arm-none-eabi/13.3.1/thumb/v7-m/nofp\libgcc.a
LOAD C:/Program Files/STMicroelectronics/STM32Cube/STM32CubeCLT_1.18.0/GNU-tools-for-STM32/bin/../lib/gcc/arm-none-eabi/13.3.1/../../../../arm-none-eabi/lib/thumb/v7-m/nofp\libg_nano.a
LOAD C:/Program Files/STMicroelectronics/STM32Cube/STM32CubeCLT_1.18.0/GNU-tools-for-STM32/bin/../lib/gcc/arm-none-eabi/13.3.1/../../../../arm-none-eabi/lib/thumb/v7-m/nofp\libc_nano.a
END GROUP
START GROUP
LOAD C:/Program Files/STMicroelectronics/STM32Cube/STM32CubeCLT_1.18.0/GNU-tools-for-STM32/bin/../lib/gcc/arm-none-eabi/13.3.1/thumb/v7-m/nofp\libgcc.a
LOAD C:/Program Files/STMicroelectronics/STM32Cube/STM32CubeCLT_1.18.0/GNU-tools-for-STM32/bin/../lib/gcc/arm-none-eabi/13.3.1/../../../../arm-none-eabi/lib/thumb/v7-m/nofp\libc_nano.a
END GROUP
LOAD C:/Program Files/STMicroelectronics/STM32Cube/STM32CubeCLT_1.18.0/GNU-tools-for-STM32/bin/../lib/gcc/arm-none-eabi/13.3.1/thumb/v7-m/nofp/crtend.o
LOAD C:/Program Files/STMicroelectronics/STM32Cube/STM32CubeCLT_1.18.0/GNU-tools-for-STM32/bin/../lib/gcc/arm-none-eabi/13.3.1/thumb/v7-m/nofp/crtn.o
                0x20010000                        _estack = (ORIGIN (RAM) + LENGTH (RAM))
                0x00000200                        _Min_Heap_Size = 0x200
                0x00000400                        _Min_Stack_Size = 0x400

.isr_vector     0x08000000      0x1e4
                0x08000000                        . = ALIGN (0x4)
 *(.isr_vector)
 .isr_vector    0x08000000      0x1e4 CMakeFiles/HKUST-ELEC3300-Project.dir/startup_stm32f103xe.s.obj
                0x08000000                g_pfnVectors
                0x080001e4                        . = ALIGN (0x4)

.text           0x080001e8     0x4d88
                0x080001e8                        . = ALIGN (0x4)
 *(.text)
 .text          0x080001e8       0x40 C:/Program Files/STMicroelectronics/STM32Cube/STM32CubeCLT_1.18.0/GNU-tools-for-STM32/bin/../lib/gcc/arm-none-eabi/13.3.1/thumb/v7-m/nofp/crtbegin.o
 .text          0x08000228      0x378 C:/Program Files/STMicroelectronics/STM32Cube/STM32CubeCLT_1.18.0/GNU-tools-for-STM32/bin/../lib/gcc/arm-none-eabi/13.3.1/thumb/v7-m/nofp\libgcc.a(_arm_addsubdf3.o)
                0x08000228                __aeabi_drsub
                0x08000230                __aeabi_dsub
                0x08000230                __subdf3
                0x08000234                __aeabi_dadd
                0x08000234                __adddf3
                0x080004ac                __floatunsidf
                0x080004ac                __aeabi_ui2d
                0x080004cc                __floatsidf
                0x080004cc                __aeabi_i2d
                0x080004f0                __aeabi_f2d
                0x080004f0                __extendsfdf2
                0x08000534                __floatundidf
                0x08000534                __aeabi_ul2d
                0x08000544                __floatdidf
                0x08000544                __aeabi_l2d
 .text          0x080005a0      0x424 C:/Program Files/STMicroelectronics/STM32Cube/STM32CubeCLT_1.18.0/GNU-tools-for-STM32/bin/../lib/gcc/arm-none-eabi/13.3.1/thumb/v7-m/nofp\libgcc.a(_arm_muldivdf3.o)
                0x080005a0                __aeabi_dmul
                0x080005a0                __muldf3
                0x080007f4                __divdf3
                0x080007f4                __aeabi_ddiv
 .text          0x080009c4       0xa0 C:/Program Files/STMicroelectronics/STM32Cube/STM32CubeCLT_1.18.0/GNU-tools-for-STM32/bin/../lib/gcc/arm-none-eabi/13.3.1/thumb/v7-m/nofp\libgcc.a(_arm_truncdfsf2.o)
                0x080009c4                __truncdfsf2
                0x080009c4                __aeabi_d2f
 .text          0x08000a64      0x21c C:/Program Files/STMicroelectronics/STM32Cube/STM32CubeCLT_1.18.0/GNU-tools-for-STM32/bin/../lib/gcc/arm-none-eabi/13.3.1/thumb/v7-m/nofp\libgcc.a(_arm_addsubsf3.o)
                0x08000a64                __aeabi_frsub
                0x08000a6c                __subsf3
                0x08000a6c                __aeabi_fsub
                0x08000a70                __aeabi_fadd
                0x08000a70                __addsf3
                0x08000bd0                __aeabi_ui2f
                0x08000bd0                __floatunsisf
                0x08000bd8                __aeabi_i2f
                0x08000bd8                __floatsisf
                0x08000bf4                __aeabi_ul2f
                0x08000bf4                __floatundisf
                0x08000c04                __aeabi_l2f
                0x08000c04                __floatdisf
 .text          0x08000c80      0x2a0 C:/Program Files/STMicroelectronics/STM32Cube/STM32CubeCLT_1.18.0/GNU-tools-for-STM32/bin/../lib/gcc/arm-none-eabi/13.3.1/thumb/v7-m/nofp\libgcc.a(_arm_muldivsf3.o)
                0x08000c80                __mulsf3
                0x08000c80                __aeabi_fmul
                0x08000de8                __aeabi_fdiv
                0x08000de8                __divsf3
 .text          0x08000f20       0x4c C:/Program Files/STMicroelectronics/STM32Cube/STM32CubeCLT_1.18.0/GNU-tools-for-STM32/bin/../lib/gcc/arm-none-eabi/13.3.1/thumb/v7-m/nofp\libgcc.a(_arm_fixsfsi.o)
                0x08000f20                __aeabi_f2iz
                0x08000f20                __fixsfsi
 .text          0x08000f6c      0x110 C:/Program Files/STMicroelectronics/STM32Cube/STM32CubeCLT_1.18.0/GNU-tools-for-STM32/bin/../lib/gcc/arm-none-eabi/13.3.1/thumb/v7-m/nofp\libgcc.a(_arm_cmpdf2.o)
                0x08000f6c                __gtdf2
                0x08000f6c                __gedf2
                0x08000f74                __ltdf2
                0x08000f74                __ledf2
                0x08000f7c                __nedf2
                0x08000f7c                __eqdf2
                0x08000f7c                __cmpdf2
                0x08000ff8                __aeabi_cdrcmple
                0x08001008                __aeabi_cdcmpeq
                0x08001008                __aeabi_cdcmple
                0x08001018                __aeabi_dcmpeq
                0x0800102c                __aeabi_dcmplt
                0x08001040                __aeabi_dcmple
                0x08001054                __aeabi_dcmpge
                0x08001068                __aeabi_dcmpgt
 .text          0x0800107c       0x50 C:/Program Files/STMicroelectronics/STM32Cube/STM32CubeCLT_1.18.0/GNU-tools-for-STM32/bin/../lib/gcc/arm-none-eabi/13.3.1/thumb/v7-m/nofp\libgcc.a(_arm_fixdfsi.o)
                0x0800107c                __aeabi_d2iz
                0x0800107c                __fixdfsi
 *(.text*)
 .text.memset   0x080010cc       0x10 C:/Program Files/STMicroelectronics/STM32Cube/STM32CubeCLT_1.18.0/GNU-tools-for-STM32/bin/../lib/gcc/arm-none-eabi/13.3.1/../../../../arm-none-eabi/lib/thumb/v7-m/nofp\libc_nano.a(libc_a-memset.o)
                0x080010cc                memset
 .text.__libc_init_array
                0x080010dc       0x48 C:/Program Files/STMicroelectronics/STM32Cube/STM32CubeCLT_1.18.0/GNU-tools-for-STM32/bin/../lib/gcc/arm-none-eabi/13.3.1/../../../../arm-none-eabi/lib/thumb/v7-m/nofp\libc_nano.a(libc_a-init.o)
                0x080010dc                __libc_init_array
 .text.SystemInit
                0x08001124        0xc cmake/stm32cubemx/CMakeFiles/STM32_Drivers.dir/__/__/Core/Src/system_stm32f1xx.c.obj
                0x08001124                SystemInit
 .text.HAL_TIM_Base_Init
                0x08001130       0x9e cmake/stm32cubemx/CMakeFiles/STM32_Drivers.dir/__/__/Drivers/STM32F1xx_HAL_Driver/Src/stm32f1xx_hal_tim.c.obj
                0x08001130                HAL_TIM_Base_Init
 .text.HAL_TIM_PWM_Init
                0x080011ce       0x9e cmake/stm32cubemx/CMakeFiles/STM32_Drivers.dir/__/__/Drivers/STM32F1xx_HAL_Driver/Src/stm32f1xx_hal_tim.c.obj
                0x080011ce                HAL_TIM_PWM_Init
 .text.HAL_TIM_PWM_MspInit
                0x0800126c       0x12 cmake/stm32cubemx/CMakeFiles/STM32_Drivers.dir/__/__/Drivers/STM32F1xx_HAL_Driver/Src/stm32f1xx_hal_tim.c.obj
                0x0800126c                HAL_TIM_PWM_MspInit
 *fill*         0x0800127e        0x2 
 .text.HAL_TIM_PWM_Start
                0x08001280      0x174 cmake/stm32cubemx/CMakeFiles/STM32_Drivers.dir/__/__/Drivers/STM32F1xx_HAL_Driver/Src/stm32f1xx_hal_tim.c.obj
                0x08001280                HAL_TIM_PWM_Start
 .text.HAL_TIM_PWM_Stop
                0x080013f4       0xe0 cmake/stm32cubemx/CMakeFiles/STM32_Drivers.dir/__/__/Drivers/STM32F1xx_HAL_Driver/Src/stm32f1xx_hal_tim.c.obj
                0x080013f4                HAL_TIM_PWM_Stop
 .text.HAL_TIM_PWM_ConfigChannel
                0x080014d4      0x17c cmake/stm32cubemx/CMakeFiles/STM32_Drivers.dir/__/__/Drivers/STM32F1xx_HAL_Driver/Src/stm32f1xx_hal_tim.c.obj
                0x080014d4                HAL_TIM_PWM_ConfigChannel
 .text.HAL_TIM_ConfigClockSource
                0x08001650      0x188 cmake/stm32cubemx/CMakeFiles/STM32_Drivers.dir/__/__/Drivers/STM32F1xx_HAL_Driver/Src/stm32f1xx_hal_tim.c.obj
                0x08001650                HAL_TIM_ConfigClockSource
 .text.TIM_Base_SetConfig
                0x080017d8       0xf4 cmake/stm32cubemx/CMakeFiles/STM32_Drivers.dir/__/__/Drivers/STM32F1xx_HAL_Driver/Src/stm32f1xx_hal_tim.c.obj
                0x080017d8                TIM_Base_SetConfig
 .text.TIM_OC1_SetConfig
                0x080018cc       0xe0 cmake/stm32cubemx/CMakeFiles/STM32_Drivers.dir/__/__/Drivers/STM32F1xx_HAL_Driver/Src/stm32f1xx_hal_tim.c.obj
 .text.TIM_OC2_SetConfig
                0x080019ac       0xe8 cmake/stm32cubemx/CMakeFiles/STM32_Drivers.dir/__/__/Drivers/STM32F1xx_HAL_Driver/Src/stm32f1xx_hal_tim.c.obj
                0x080019ac                TIM_OC2_SetConfig
 .text.TIM_OC3_SetConfig
                0x08001a94       0xe8 cmake/stm32cubemx/CMakeFiles/STM32_Drivers.dir/__/__/Drivers/STM32F1xx_HAL_Driver/Src/stm32f1xx_hal_tim.c.obj
 .text.TIM_OC4_SetConfig
                0x08001b7c       0xa8 cmake/stm32cubemx/CMakeFiles/STM32_Drivers.dir/__/__/Drivers/STM32F1xx_HAL_Driver/Src/stm32f1xx_hal_tim.c.obj
 .text.TIM_TI1_ConfigInputStage
                0x08001c24       0x5c cmake/stm32cubemx/CMakeFiles/STM32_Drivers.dir/__/__/Drivers/STM32F1xx_HAL_Driver/Src/stm32f1xx_hal_tim.c.obj
 .text.TIM_TI2_ConfigInputStage
                0x08001c80       0x5e cmake/stm32cubemx/CMakeFiles/STM32_Drivers.dir/__/__/Drivers/STM32F1xx_HAL_Driver/Src/stm32f1xx_hal_tim.c.obj
 .text.TIM_ITRx_SetConfig
                0x08001cde       0x34 cmake/stm32cubemx/CMakeFiles/STM32_Drivers.dir/__/__/Drivers/STM32F1xx_HAL_Driver/Src/stm32f1xx_hal_tim.c.obj
 .text.TIM_ETR_SetConfig
                0x08001d12       0x3e cmake/stm32cubemx/CMakeFiles/STM32_Drivers.dir/__/__/Drivers/STM32F1xx_HAL_Driver/Src/stm32f1xx_hal_tim.c.obj
                0x08001d12                TIM_ETR_SetConfig
 .text.TIM_CCxChannelCmd
                0x08001d50       0x48 cmake/stm32cubemx/CMakeFiles/STM32_Drivers.dir/__/__/Drivers/STM32F1xx_HAL_Driver/Src/stm32f1xx_hal_tim.c.obj
                0x08001d50                TIM_CCxChannelCmd
 .text.HAL_TIMEx_MasterConfigSynchronization
                0x08001d98       0xd8 cmake/stm32cubemx/CMakeFiles/STM32_Drivers.dir/__/__/Drivers/STM32F1xx_HAL_Driver/Src/stm32f1xx_hal_tim_ex.c.obj
                0x08001d98                HAL_TIMEx_MasterConfigSynchronization
 .text.HAL_TIMEx_ConfigBreakDeadTime
                0x08001e70       0xa2 cmake/stm32cubemx/CMakeFiles/STM32_Drivers.dir/__/__/Drivers/STM32F1xx_HAL_Driver/Src/stm32f1xx_hal_tim_ex.c.obj
                0x08001e70                HAL_TIMEx_ConfigBreakDeadTime
 *fill*         0x08001f12        0x2 
 .text.HAL_Init
                0x08001f14       0x2c cmake/stm32cubemx/CMakeFiles/STM32_Drivers.dir/__/__/Drivers/STM32F1xx_HAL_Driver/Src/stm32f1xx_hal.c.obj
                0x08001f14                HAL_Init
 .text.HAL_InitTick
                0x08001f40       0x60 cmake/stm32cubemx/CMakeFiles/STM32_Drivers.dir/__/__/Drivers/STM32F1xx_HAL_Driver/Src/stm32f1xx_hal.c.obj
                0x08001f40                HAL_InitTick
 .text.HAL_IncTick
                0x08001fa0       0x24 cmake/stm32cubemx/CMakeFiles/STM32_Drivers.dir/__/__/Drivers/STM32F1xx_HAL_Driver/Src/stm32f1xx_hal.c.obj
                0x08001fa0                HAL_IncTick
 .text.HAL_GetTick
                0x08001fc4       0x14 cmake/stm32cubemx/CMakeFiles/STM32_Drivers.dir/__/__/Drivers/STM32F1xx_HAL_Driver/Src/stm32f1xx_hal.c.obj
                0x08001fc4                HAL_GetTick
 .text.HAL_Delay
                0x08001fd8       0x48 cmake/stm32cubemx/CMakeFiles/STM32_Drivers.dir/__/__/Drivers/STM32F1xx_HAL_Driver/Src/stm32f1xx_hal.c.obj
                0x08001fd8                HAL_Delay
 .text.HAL_RCC_OscConfig
                0x08002020      0x504 cmake/stm32cubemx/CMakeFiles/STM32_Drivers.dir/__/__/Drivers/STM32F1xx_HAL_Driver/Src/stm32f1xx_hal_rcc.c.obj
                0x08002020                HAL_RCC_OscConfig
 .text.HAL_RCC_ClockConfig
                0x08002524      0x1d4 cmake/stm32cubemx/CMakeFiles/STM32_Drivers.dir/__/__/Drivers/STM32F1xx_HAL_Driver/Src/stm32f1xx_hal_rcc.c.obj
                0x08002524                HAL_RCC_ClockConfig
 .text.HAL_RCC_GetSysClockFreq
                0x080026f8       0xbc cmake/stm32cubemx/CMakeFiles/STM32_Drivers.dir/__/__/Drivers/STM32F1xx_HAL_Driver/Src/stm32f1xx_hal_rcc.c.obj
                0x080026f8                HAL_RCC_GetSysClockFreq
 .text.RCC_Delay
                0x080027b4       0x3c cmake/stm32cubemx/CMakeFiles/STM32_Drivers.dir/__/__/Drivers/STM32F1xx_HAL_Driver/Src/stm32f1xx_hal_rcc.c.obj
 .text.HAL_GPIO_Init
                0x080027f0      0x328 cmake/stm32cubemx/CMakeFiles/STM32_Drivers.dir/__/__/Drivers/STM32F1xx_HAL_Driver/Src/stm32f1xx_hal_gpio.c.obj
                0x080027f0                HAL_GPIO_Init
 .text.HAL_GPIO_ReadPin
                0x08002b18       0x2e cmake/stm32cubemx/CMakeFiles/STM32_Drivers.dir/__/__/Drivers/STM32F1xx_HAL_Driver/Src/stm32f1xx_hal_gpio.c.obj
                0x08002b18                HAL_GPIO_ReadPin
 .text.HAL_GPIO_WritePin
                0x08002b46       0x30 cmake/stm32cubemx/CMakeFiles/STM32_Drivers.dir/__/__/Drivers/STM32F1xx_HAL_Driver/Src/stm32f1xx_hal_gpio.c.obj
                0x08002b46                HAL_GPIO_WritePin
 .text.HAL_GPIO_TogglePin
                0x08002b76       0x32 cmake/stm32cubemx/CMakeFiles/STM32_Drivers.dir/__/__/Drivers/STM32F1xx_HAL_Driver/Src/stm32f1xx_hal_gpio.c.obj
                0x08002b76                HAL_GPIO_TogglePin
 .text.__NVIC_SetPriorityGrouping
                0x08002ba8       0x48 cmake/stm32cubemx/CMakeFiles/STM32_Drivers.dir/__/__/Drivers/STM32F1xx_HAL_Driver/Src/stm32f1xx_hal_cortex.c.obj
 .text.__NVIC_GetPriorityGrouping
                0x08002bf0       0x1c cmake/stm32cubemx/CMakeFiles/STM32_Drivers.dir/__/__/Drivers/STM32F1xx_HAL_Driver/Src/stm32f1xx_hal_cortex.c.obj
 .text.__NVIC_SetPriority
                0x08002c0c       0x54 cmake/stm32cubemx/CMakeFiles/STM32_Drivers.dir/__/__/Drivers/STM32F1xx_HAL_Driver/Src/stm32f1xx_hal_cortex.c.obj
 .text.NVIC_EncodePriority
                0x08002c60       0x64 cmake/stm32cubemx/CMakeFiles/STM32_Drivers.dir/__/__/Drivers/STM32F1xx_HAL_Driver/Src/stm32f1xx_hal_cortex.c.obj
 .text.SysTick_Config
                0x08002cc4       0x44 cmake/stm32cubemx/CMakeFiles/STM32_Drivers.dir/__/__/Drivers/STM32F1xx_HAL_Driver/Src/stm32f1xx_hal_cortex.c.obj
 .text.HAL_NVIC_SetPriorityGrouping
                0x08002d08       0x16 cmake/stm32cubemx/CMakeFiles/STM32_Drivers.dir/__/__/Drivers/STM32F1xx_HAL_Driver/Src/stm32f1xx_hal_cortex.c.obj
                0x08002d08                HAL_NVIC_SetPriorityGrouping
 .text.HAL_NVIC_SetPriority
                0x08002d1e       0x38 cmake/stm32cubemx/CMakeFiles/STM32_Drivers.dir/__/__/Drivers/STM32F1xx_HAL_Driver/Src/stm32f1xx_hal_cortex.c.obj
                0x08002d1e                HAL_NVIC_SetPriority
 .text.HAL_SYSTICK_Config
                0x08002d56       0x18 cmake/stm32cubemx/CMakeFiles/STM32_Drivers.dir/__/__/Drivers/STM32F1xx_HAL_Driver/Src/stm32f1xx_hal_cortex.c.obj
                0x08002d56                HAL_SYSTICK_Config
 *fill*         0x08002d6e        0x2 
 .text.main     0x08002d70       0x98 CMakeFiles/HKUST-ELEC3300-Project.dir/Core/Src/main.c.obj
                0x08002d70                main
 .text.SystemClock_Config
                0x08002e08       0x86 CMakeFiles/HKUST-ELEC3300-Project.dir/Core/Src/main.c.obj
                0x08002e08                SystemClock_Config
 *fill*         0x08002e8e        0x2 
 .text.MX_TIM1_Init
                0x08002e90      0x158 CMakeFiles/HKUST-ELEC3300-Project.dir/Core/Src/main.c.obj
 .text.MX_TIM2_Init
                0x08002fe8       0xe8 CMakeFiles/HKUST-ELEC3300-Project.dir/Core/Src/main.c.obj
 .text.MX_GPIO_Init
                0x080030d0       0xf8 CMakeFiles/HKUST-ELEC3300-Project.dir/Core/Src/main.c.obj
 .text.drawFu   0x080031c8      0x3fc CMakeFiles/HKUST-ELEC3300-Project.dir/Core/Src/main.c.obj
                0x080031c8                drawFu
 .text.drawCircle
                0x080035c4       0xac CMakeFiles/HKUST-ELEC3300-Project.dir/Core/Src/main.c.obj
                0x080035c4                drawCircle
 .text.drawRegularPentagon
                0x08003670       0xa0 CMakeFiles/HKUST-ELEC3300-Project.dir/Core/Src/main.c.obj
                0x08003670                drawRegularPentagon
 .text.penup    0x08003710       0x48 CMakeFiles/HKUST-ELEC3300-Project.dir/Core/Src/main.c.obj
                0x08003710                penup
 .text.pendown  0x08003758       0x48 CMakeFiles/HKUST-ELEC3300-Project.dir/Core/Src/main.c.obj
                0x08003758                pendown
 .text.legacyMove
                0x080037a0      0x26c CMakeFiles/HKUST-ELEC3300-Project.dir/Core/Src/main.c.obj
                0x080037a0                legacyMove
 .text.moveToXY
                0x08003a0c       0x4a CMakeFiles/HKUST-ELEC3300-Project.dir/Core/Src/main.c.obj
                0x08003a0c                moveToXY
 *fill*         0x08003a56        0x2 
 .text.moveAngle
                0x08003a58       0xd4 CMakeFiles/HKUST-ELEC3300-Project.dir/Core/Src/main.c.obj
                0x08003a58                moveAngle
 .text.motorControl
                0x08003b2c      0x184 CMakeFiles/HKUST-ELEC3300-Project.dir/Core/Src/main.c.obj
                0x08003b2c                motorControl
 .text.updateGlobalXY
                0x08003cb0       0x40 CMakeFiles/HKUST-ELEC3300-Project.dir/Core/Src/main.c.obj
                0x08003cb0                updateGlobalXY
 .text.Error_Handler
                0x08003cf0        0xc CMakeFiles/HKUST-ELEC3300-Project.dir/Core/Src/main.c.obj
                0x08003cf0                Error_Handler
 .text.NMI_Handler
                0x08003cfc        0x8 CMakeFiles/HKUST-ELEC3300-Project.dir/Core/Src/stm32f1xx_it.c.obj
                0x08003cfc                NMI_Handler
 .text.HardFault_Handler
                0x08003d04        0x8 CMakeFiles/HKUST-ELEC3300-Project.dir/Core/Src/stm32f1xx_it.c.obj
                0x08003d04                HardFault_Handler
 .text.MemManage_Handler
                0x08003d0c        0x8 CMakeFiles/HKUST-ELEC3300-Project.dir/Core/Src/stm32f1xx_it.c.obj
                0x08003d0c                MemManage_Handler
 .text.BusFault_Handler
                0x08003d14        0x8 CMakeFiles/HKUST-ELEC3300-Project.dir/Core/Src/stm32f1xx_it.c.obj
                0x08003d14                BusFault_Handler
 .text.UsageFault_Handler
                0x08003d1c        0x8 CMakeFiles/HKUST-ELEC3300-Project.dir/Core/Src/stm32f1xx_it.c.obj
                0x08003d1c                UsageFault_Handler
 .text.SVC_Handler
                0x08003d24        0xc CMakeFiles/HKUST-ELEC3300-Project.dir/Core/Src/stm32f1xx_it.c.obj
                0x08003d24                SVC_Handler
 .text.DebugMon_Handler
                0x08003d30        0xc CMakeFiles/HKUST-ELEC3300-Project.dir/Core/Src/stm32f1xx_it.c.obj
                0x08003d30                DebugMon_Handler
 .text.PendSV_Handler
                0x08003d3c        0xc CMakeFiles/HKUST-ELEC3300-Project.dir/Core/Src/stm32f1xx_it.c.obj
                0x08003d3c                PendSV_Handler
 .text.SysTick_Handler
                0x08003d48        0xc CMakeFiles/HKUST-ELEC3300-Project.dir/Core/Src/stm32f1xx_it.c.obj
                0x08003d48                SysTick_Handler
 .text.HAL_MspInit
                0x08003d54       0x64 CMakeFiles/HKUST-ELEC3300-Project.dir/Core/Src/stm32f1xx_hal_msp.c.obj
                0x08003d54                HAL_MspInit
 .text.HAL_TIM_Base_MspInit
                0x08003db8       0x60 CMakeFiles/HKUST-ELEC3300-Project.dir/Core/Src/stm32f1xx_hal_msp.c.obj
                0x08003db8                HAL_TIM_Base_MspInit
 .text.HAL_TIM_MspPostInit
                0x08003e18       0xcc CMakeFiles/HKUST-ELEC3300-Project.dir/Core/Src/stm32f1xx_hal_msp.c.obj
                0x08003e18                HAL_TIM_MspPostInit
 .text.Reset_Handler
                0x08003ee4       0x48 CMakeFiles/HKUST-ELEC3300-Project.dir/startup_stm32f103xe.s.obj
                0x08003ee4                Reset_Handler
 .text.Default_Handler
                0x08003f2c        0x2 CMakeFiles/HKUST-ELEC3300-Project.dir/startup_stm32f103xe.s.obj
                0x08003f2c                RTC_Alarm_IRQHandler
                0x08003f2c                EXTI2_IRQHandler
                0x08003f2c                TIM8_TRG_COM_IRQHandler
                0x08003f2c                TIM8_CC_IRQHandler
                0x08003f2c                TIM1_CC_IRQHandler
                0x08003f2c                TIM6_IRQHandler
                0x08003f2c                PVD_IRQHandler
                0x08003f2c                SDIO_IRQHandler
                0x08003f2c                EXTI3_IRQHandler
                0x08003f2c                EXTI0_IRQHandler
                0x08003f2c                I2C2_EV_IRQHandler
                0x08003f2c                ADC1_2_IRQHandler
                0x08003f2c                SPI1_IRQHandler
                0x08003f2c                TAMPER_IRQHandler
                0x08003f2c                TIM8_UP_IRQHandler
                0x08003f2c                DMA2_Channel2_IRQHandler
                0x08003f2c                DMA1_Channel4_IRQHandler
                0x08003f2c                USART3_IRQHandler
                0x08003f2c                RTC_IRQHandler
                0x08003f2c                DMA1_Channel7_IRQHandler
                0x08003f2c                CAN1_RX1_IRQHandler
                0x08003f2c                UART5_IRQHandler
                0x08003f2c                ADC3_IRQHandler
                0x08003f2c                TIM4_IRQHandler
                0x08003f2c                DMA2_Channel1_IRQHandler
                0x08003f2c                I2C1_EV_IRQHandler
                0x08003f2c                DMA1_Channel6_IRQHandler
                0x08003f2c                UART4_IRQHandler
                0x08003f2c                TIM3_IRQHandler
                0x08003f2c                RCC_IRQHandler
                0x08003f2c                TIM1_TRG_COM_IRQHandler
                0x08003f2c                DMA1_Channel1_IRQHandler
                0x08003f2c                Default_Handler
                0x08003f2c                EXTI15_10_IRQHandler
                0x08003f2c                TIM7_IRQHandler
                0x08003f2c                TIM5_IRQHandler
                0x08003f2c                EXTI9_5_IRQHandler
                0x08003f2c                SPI2_IRQHandler
                0x08003f2c                DMA1_Channel5_IRQHandler
                0x08003f2c                EXTI4_IRQHandler
                0x08003f2c                USB_LP_CAN1_RX0_IRQHandler
                0x08003f2c                USB_HP_CAN1_TX_IRQHandler
                0x08003f2c                DMA1_Channel3_IRQHandler
                0x08003f2c                FSMC_IRQHandler
                0x08003f2c                TIM1_UP_IRQHandler
                0x08003f2c                WWDG_IRQHandler
                0x08003f2c                TIM2_IRQHandler
                0x08003f2c                TIM1_BRK_IRQHandler
                0x08003f2c                EXTI1_IRQHandler
                0x08003f2c                DMA2_Channel4_5_IRQHandler
                0x08003f2c                USART2_IRQHandler
                0x08003f2c                I2C2_ER_IRQHandler
                0x08003f2c                DMA1_Channel2_IRQHandler
                0x08003f2c                TIM8_BRK_IRQHandler
                0x08003f2c                CAN1_SCE_IRQHandler
                0x08003f2c                FLASH_IRQHandler
                0x08003f2c                USART1_IRQHandler
                0x08003f2c                SPI3_IRQHandler
                0x08003f2c                I2C1_ER_IRQHandler
                0x08003f2c                USBWakeUp_IRQHandler
                0x08003f2c                DMA2_Channel3_IRQHandler
 *fill*         0x08003f2e        0x2 
 .text.cos      0x08003f30       0x8c C:/Program Files/STMicroelectronics/STM32Cube/STM32CubeCLT_1.18.0/GNU-tools-for-STM32/bin/../lib/gcc/arm-none-eabi/13.3.1/../../../../arm-none-eabi/lib/thumb/v7-m/nofp\libm.a(libm_a-s_cos.o)
                0x08003f30                cos
 .text.sin      0x08003fbc       0x8c C:/Program Files/STMicroelectronics/STM32Cube/STM32CubeCLT_1.18.0/GNU-tools-for-STM32/bin/../lib/gcc/arm-none-eabi/13.3.1/../../../../arm-none-eabi/lib/thumb/v7-m/nofp\libm.a(libm_a-s_sin.o)
                0x08003fbc                sin
 .text.__kernel_cos
                0x08004048      0x17c C:/Program Files/STMicroelectronics/STM32Cube/STM32CubeCLT_1.18.0/GNU-tools-for-STM32/bin/../lib/gcc/arm-none-eabi/13.3.1/../../../../arm-none-eabi/lib/thumb/v7-m/nofp\libm.a(libm_a-k_cos.o)
                0x08004048                __kernel_cos
 *fill*         0x080041c4        0x4 
 .text.__kernel_sin
                0x080041c8      0x16c C:/Program Files/STMicroelectronics/STM32Cube/STM32CubeCLT_1.18.0/GNU-tools-for-STM32/bin/../lib/gcc/arm-none-eabi/13.3.1/../../../../arm-none-eabi/lib/thumb/v7-m/nofp\libm.a(libm_a-k_sin.o)
                0x080041c8                __kernel_sin
 *fill*         0x08004334        0x4 
 .text.__ieee754_rem_pio2
                0x08004338      0x3ec C:/Program Files/STMicroelectronics/STM32Cube/STM32CubeCLT_1.18.0/GNU-tools-for-STM32/bin/../lib/gcc/arm-none-eabi/13.3.1/../../../../arm-none-eabi/lib/thumb/v7-m/nofp\libm.a(libm_a-e_rem_pio2.o)
                0x08004338                __ieee754_rem_pio2
 .text.fabs     0x08004724        0x8 C:/Program Files/STMicroelectronics/STM32Cube/STM32CubeCLT_1.18.0/GNU-tools-for-STM32/bin/../lib/gcc/arm-none-eabi/13.3.1/../../../../arm-none-eabi/lib/thumb/v7-m/nofp\libm.a(libm_a-s_fabs.o)
                0x08004724                fabs
 .text.__kernel_rem_pio2
                0x0800472c      0x640 C:/Program Files/STMicroelectronics/STM32Cube/STM32CubeCLT_1.18.0/GNU-tools-for-STM32/bin/../lib/gcc/arm-none-eabi/13.3.1/../../../../arm-none-eabi/lib/thumb/v7-m/nofp\libm.a(libm_a-k_rem_pio2.o)
                0x0800472c                __kernel_rem_pio2
 *fill*         0x08004d6c        0x4 
 .text.scalbn   0x08004d70       0xe4 C:/Program Files/STMicroelectronics/STM32Cube/STM32CubeCLT_1.18.0/GNU-tools-for-STM32/bin/../lib/gcc/arm-none-eabi/13.3.1/../../../../arm-none-eabi/lib/thumb/v7-m/nofp\libm.a(libm_a-s_scalbn.o)
                0x08004d70                scalbn
 *fill*         0x08004e54        0x4 
 .text.floor    0x08004e58      0x100 C:/Program Files/STMicroelectronics/STM32Cube/STM32CubeCLT_1.18.0/GNU-tools-for-STM32/bin/../lib/gcc/arm-none-eabi/13.3.1/../../../../arm-none-eabi/lib/thumb/v7-m/nofp\libm.a(libm_a-s_floor.o)
                0x08004e58                floor
 *(.glue_7)
 .glue_7        0x08004f58        0x0 linker stubs
 *(.glue_7t)
 .glue_7t       0x08004f58        0x0 linker stubs
 *(.eh_frame)
 .eh_frame      0x08004f58        0x0 C:/Program Files/STMicroelectronics/STM32Cube/STM32CubeCLT_1.18.0/GNU-tools-for-STM32/bin/../lib/gcc/arm-none-eabi/13.3.1/thumb/v7-m/nofp/crtbegin.o
 *(.init)
 .init          0x08004f58        0x4 C:/Program Files/STMicroelectronics/STM32Cube/STM32CubeCLT_1.18.0/GNU-tools-for-STM32/bin/../lib/gcc/arm-none-eabi/13.3.1/thumb/v7-m/nofp/crti.o
                0x08004f58                _init
 .init          0x08004f5c        0x8 C:/Program Files/STMicroelectronics/STM32Cube/STM32CubeCLT_1.18.0/GNU-tools-for-STM32/bin/../lib/gcc/arm-none-eabi/13.3.1/thumb/v7-m/nofp/crtn.o
 *(.fini)
 .fini          0x08004f64        0x4 C:/Program Files/STMicroelectronics/STM32Cube/STM32CubeCLT_1.18.0/GNU-tools-for-STM32/bin/../lib/gcc/arm-none-eabi/13.3.1/thumb/v7-m/nofp/crti.o
                0x08004f64                _fini
 .fini          0x08004f68        0x8 C:/Program Files/STMicroelectronics/STM32Cube/STM32CubeCLT_1.18.0/GNU-tools-for-STM32/bin/../lib/gcc/arm-none-eabi/13.3.1/thumb/v7-m/nofp/crtn.o
                0x08004f70                        . = ALIGN (0x4)
                0x08004f70                        _etext = .

.vfp11_veneer   0x08004f70        0x0
 .vfp11_veneer  0x08004f70        0x0 linker stubs

.v4_bx          0x08004f70        0x0
 .v4_bx         0x08004f70        0x0 linker stubs

.iplt           0x08004f70        0x0
 .iplt          0x08004f70        0x0 C:/Program Files/STMicroelectronics/STM32Cube/STM32CubeCLT_1.18.0/GNU-tools-for-STM32/bin/../lib/gcc/arm-none-eabi/13.3.1/thumb/v7-m/nofp/crtbegin.o

.rodata         0x08004f70      0x1f8
                0x08004f70                        . = ALIGN (0x4)
 *(.rodata)
 .rodata        0x08004f70       0x10 cmake/stm32cubemx/CMakeFiles/STM32_Drivers.dir/__/__/Drivers/STM32F1xx_HAL_Driver/Src/stm32f1xx_hal_rcc.c.obj
 *(.rodata*)
 .rodata.AHBPrescTable
                0x08004f80       0x10 cmake/stm32cubemx/CMakeFiles/STM32_Drivers.dir/__/__/Core/Src/system_stm32f1xx.c.obj
                0x08004f80                AHBPrescTable
 .rodata.npio2_hw
                0x08004f90       0x80 C:/Program Files/STMicroelectronics/STM32Cube/STM32CubeCLT_1.18.0/GNU-tools-for-STM32/bin/../lib/gcc/arm-none-eabi/13.3.1/../../../../arm-none-eabi/lib/thumb/v7-m/nofp\libm.a(libm_a-e_rem_pio2.o)
 .rodata.two_over_pi
                0x08005010      0x108 C:/Program Files/STMicroelectronics/STM32Cube/STM32CubeCLT_1.18.0/GNU-tools-for-STM32/bin/../lib/gcc/arm-none-eabi/13.3.1/../../../../arm-none-eabi/lib/thumb/v7-m/nofp\libm.a(libm_a-e_rem_pio2.o)
 .rodata.PIo2   0x08005118       0x40 C:/Program Files/STMicroelectronics/STM32Cube/STM32CubeCLT_1.18.0/GNU-tools-for-STM32/bin/../lib/gcc/arm-none-eabi/13.3.1/../../../../arm-none-eabi/lib/thumb/v7-m/nofp\libm.a(libm_a-k_rem_pio2.o)
 .rodata.init_jk
                0x08005158       0x10 C:/Program Files/STMicroelectronics/STM32Cube/STM32CubeCLT_1.18.0/GNU-tools-for-STM32/bin/../lib/gcc/arm-none-eabi/13.3.1/../../../../arm-none-eabi/lib/thumb/v7-m/nofp\libm.a(libm_a-k_rem_pio2.o)
                0x08005168                        . = ALIGN (0x4)

.ARM.extab      0x08005168        0x0
                0x08005168                        . = ALIGN (0x4)
 *(.ARM.extab* .gnu.linkonce.armextab.*)
                0x08005168                        . = ALIGN (0x4)

.ARM            0x08005168        0x0
                0x08005168                        . = ALIGN (0x4)
                0x08005168                        __exidx_start = .
 *(.ARM.exidx*)
                0x08005168                        __exidx_end = .
                0x08005168                        . = ALIGN (0x4)

.preinit_array  0x08005168        0x0
                0x08005168                        . = ALIGN (0x4)
                0x08005168                        PROVIDE (__preinit_array_start = .)
 *(.preinit_array*)
                0x08005168                        PROVIDE (__preinit_array_end = .)
                0x08005168                        . = ALIGN (0x4)

.init_array     0x08005168        0x4
                0x08005168                        . = ALIGN (0x4)
                0x08005168                        PROVIDE (__init_array_start = .)
 *(SORT_BY_NAME(.init_array.*))
 *(.init_array*)
 .init_array    0x08005168        0x4 C:/Program Files/STMicroelectronics/STM32Cube/STM32CubeCLT_1.18.0/GNU-tools-for-STM32/bin/../lib/gcc/arm-none-eabi/13.3.1/thumb/v7-m/nofp/crtbegin.o
                0x0800516c                        PROVIDE (__init_array_end = .)
                0x0800516c                        . = ALIGN (0x4)

.fini_array     0x0800516c        0x4
                0x0800516c                        . = ALIGN (0x4)
                [!provide]                        PROVIDE (__fini_array_start = .)
 *(SORT_BY_NAME(.fini_array.*))
 *(.fini_array*)
 .fini_array    0x0800516c        0x4 C:/Program Files/STMicroelectronics/STM32Cube/STM32CubeCLT_1.18.0/GNU-tools-for-STM32/bin/../lib/gcc/arm-none-eabi/13.3.1/thumb/v7-m/nofp/crtbegin.o
                [!provide]                        PROVIDE (__fini_array_end = .)
                0x08005170                        . = ALIGN (0x4)
                0x08005170                        _sidata = LOADADDR (.data)

.rel.dyn        0x08005170        0x0
 .rel.iplt      0x08005170        0x0 C:/Program Files/STMicroelectronics/STM32Cube/STM32CubeCLT_1.18.0/GNU-tools-for-STM32/bin/../lib/gcc/arm-none-eabi/13.3.1/thumb/v7-m/nofp/crtbegin.o

.data           0x20000000        0xc load address 0x08005170
                0x20000000                        . = ALIGN (0x4)
                0x20000000                        _sdata = .
 *(.data)
 *(.data*)
 .data.SystemCoreClock
                0x20000000        0x4 cmake/stm32cubemx/CMakeFiles/STM32_Drivers.dir/__/__/Core/Src/system_stm32f1xx.c.obj
                0x20000000                SystemCoreClock
 .data.uwTickPrio
                0x20000004        0x4 cmake/stm32cubemx/CMakeFiles/STM32_Drivers.dir/__/__/Drivers/STM32F1xx_HAL_Driver/Src/stm32f1xx_hal.c.obj
                0x20000004                uwTickPrio
 .data.uwTickFreq
                0x20000008        0x1 cmake/stm32cubemx/CMakeFiles/STM32_Drivers.dir/__/__/Drivers/STM32F1xx_HAL_Driver/Src/stm32f1xx_hal.c.obj
                0x20000008                uwTickFreq
 *(.RamFunc)
 *(.RamFunc*)
                0x2000000c                        . = ALIGN (0x4)
 *fill*         0x20000009        0x3 
                0x2000000c                        _edata = .

.igot.plt       0x2000000c        0x0 load address 0x0800517c
 .igot.plt      0x2000000c        0x0 C:/Program Files/STMicroelectronics/STM32Cube/STM32CubeCLT_1.18.0/GNU-tools-for-STM32/bin/../lib/gcc/arm-none-eabi/13.3.1/thumb/v7-m/nofp/crtbegin.o
                0x2000000c                        . = ALIGN (0x4)

.bss            0x2000000c       0xb8 load address 0x0800517c
                0x2000000c                        _sbss = .
                0x2000000c                        __bss_start__ = _sbss
 *(.bss)
 .bss           0x2000000c       0x1c C:/Program Files/STMicroelectronics/STM32Cube/STM32CubeCLT_1.18.0/GNU-tools-for-STM32/bin/../lib/gcc/arm-none-eabi/13.3.1/thumb/v7-m/nofp/crtbegin.o
 *(.bss*)
 .bss.uwTick    0x20000028        0x4 cmake/stm32cubemx/CMakeFiles/STM32_Drivers.dir/__/__/Drivers/STM32F1xx_HAL_Driver/Src/stm32f1xx_hal.c.obj
                0x20000028                uwTick
 .bss.htim1     0x2000002c       0x48 CMakeFiles/HKUST-ELEC3300-Project.dir/Core/Src/main.c.obj
                0x2000002c                htim1
 .bss.htim2     0x20000074       0x48 CMakeFiles/HKUST-ELEC3300-Project.dir/Core/Src/main.c.obj
                0x20000074                htim2
 .bss.Global_X  0x200000bc        0x4 CMakeFiles/HKUST-ELEC3300-Project.dir/Core/Src/main.c.obj
                0x200000bc                Global_X
 .bss.Global_Y  0x200000c0        0x4 CMakeFiles/HKUST-ELEC3300-Project.dir/Core/Src/main.c.obj
                0x200000c0                Global_Y
 *(COMMON)
                0x200000c4                        . = ALIGN (0x4)
                0x200000c4                        _ebss = .
                0x200000c4                        __bss_end__ = _ebss

._user_heap_stack
                0x200000c4      0x604 load address 0x0800517c
                0x200000c8                        . = ALIGN (0x8)
 *fill*         0x200000c4        0x4 
                [!provide]                        PROVIDE (end = .)
                0x200000c8                        PROVIDE (_end = .)
                0x200002c8                        . = (. + _Min_Heap_Size)
 *fill*         0x200000c8      0x200 
                0x200006c8                        . = (. + _Min_Stack_Size)
 *fill*         0x200002c8      0x400 
                0x200006c8                        . = ALIGN (0x8)

/DISCARD/
 libc.a(*)
 libm.a(*)
 libgcc.a(*)
OUTPUT(HKUST-ELEC3300-Project.elf elf32-littlearm)
LOAD linker stubs
LOAD C:/Program Files/STMicroelectronics/STM32Cube/STM32CubeCLT_1.18.0/GNU-tools-for-STM32/bin/../lib/gcc/arm-none-eabi/13.3.1/../../../../arm-none-eabi/lib/thumb/v7-m/nofp\libc.a
LOAD C:/Program Files/STMicroelectronics/STM32Cube/STM32CubeCLT_1.18.0/GNU-tools-for-STM32/bin/../lib/gcc/arm-none-eabi/13.3.1/../../../../arm-none-eabi/lib/thumb/v7-m/nofp\libm.a
LOAD C:/Program Files/STMicroelectronics/STM32Cube/STM32CubeCLT_1.18.0/GNU-tools-for-STM32/bin/../lib/gcc/arm-none-eabi/13.3.1/thumb/v7-m/nofp\libgcc.a

.ARM.attributes
                0x00000000       0x29
 .ARM.attributes
                0x00000000       0x1d C:/Program Files/STMicroelectronics/STM32Cube/STM32CubeCLT_1.18.0/GNU-tools-for-STM32/bin/../lib/gcc/arm-none-eabi/13.3.1/thumb/v7-m/nofp/crti.o
 .ARM.attributes
                0x0000001d       0x2d C:/Program Files/STMicroelectronics/STM32Cube/STM32CubeCLT_1.18.0/GNU-tools-for-STM32/bin/../lib/gcc/arm-none-eabi/13.3.1/thumb/v7-m/nofp/crtbegin.o
 .ARM.attributes
                0x0000004a       0x2d C:/Program Files/STMicroelectronics/STM32Cube/STM32CubeCLT_1.18.0/GNU-tools-for-STM32/bin/../lib/gcc/arm-none-eabi/13.3.1/../../../../arm-none-eabi/lib/thumb/v7-m/nofp\libc_nano.a(libc_a-memset.o)
 .ARM.attributes
                0x00000077       0x2d C:/Program Files/STMicroelectronics/STM32Cube/STM32CubeCLT_1.18.0/GNU-tools-for-STM32/bin/../lib/gcc/arm-none-eabi/13.3.1/../../../../arm-none-eabi/lib/thumb/v7-m/nofp\libc_nano.a(libc_a-init.o)
 .ARM.attributes
                0x000000a4       0x2d cmake/stm32cubemx/CMakeFiles/STM32_Drivers.dir/__/__/Core/Src/system_stm32f1xx.c.obj
 .ARM.attributes
                0x000000d1       0x2d cmake/stm32cubemx/CMakeFiles/STM32_Drivers.dir/__/__/Drivers/STM32F1xx_HAL_Driver/Src/stm32f1xx_hal_tim.c.obj
 .ARM.attributes
                0x000000fe       0x2d cmake/stm32cubemx/CMakeFiles/STM32_Drivers.dir/__/__/Drivers/STM32F1xx_HAL_Driver/Src/stm32f1xx_hal_tim_ex.c.obj
 .ARM.attributes
                0x0000012b       0x2d cmake/stm32cubemx/CMakeFiles/STM32_Drivers.dir/__/__/Drivers/STM32F1xx_HAL_Driver/Src/stm32f1xx_hal.c.obj
 .ARM.attributes
                0x00000158       0x2d cmake/stm32cubemx/CMakeFiles/STM32_Drivers.dir/__/__/Drivers/STM32F1xx_HAL_Driver/Src/stm32f1xx_hal_rcc.c.obj
 .ARM.attributes
                0x00000185       0x2d cmake/stm32cubemx/CMakeFiles/STM32_Drivers.dir/__/__/Drivers/STM32F1xx_HAL_Driver/Src/stm32f1xx_hal_gpio.c.obj
 .ARM.attributes
                0x000001b2       0x2d cmake/stm32cubemx/CMakeFiles/STM32_Drivers.dir/__/__/Drivers/STM32F1xx_HAL_Driver/Src/stm32f1xx_hal_cortex.c.obj
 .ARM.attributes
                0x000001df       0x2d CMakeFiles/HKUST-ELEC3300-Project.dir/Core/Src/main.c.obj
 .ARM.attributes
                0x0000020c       0x2d CMakeFiles/HKUST-ELEC3300-Project.dir/Core/Src/stm32f1xx_it.c.obj
 .ARM.attributes
                0x00000239       0x2d CMakeFiles/HKUST-ELEC3300-Project.dir/Core/Src/stm32f1xx_hal_msp.c.obj
 .ARM.attributes
                0x00000266       0x21 CMakeFiles/HKUST-ELEC3300-Project.dir/startup_stm32f103xe.s.obj
 .ARM.attributes
                0x00000287       0x1d C:/Program Files/STMicroelectronics/STM32Cube/STM32CubeCLT_1.18.0/GNU-tools-for-STM32/bin/../lib/gcc/arm-none-eabi/13.3.1/thumb/v7-m/nofp\libgcc.a(_arm_addsubdf3.o)
 .ARM.attributes
                0x000002a4       0x1d C:/Program Files/STMicroelectronics/STM32Cube/STM32CubeCLT_1.18.0/GNU-tools-for-STM32/bin/../lib/gcc/arm-none-eabi/13.3.1/thumb/v7-m/nofp\libgcc.a(_arm_muldivdf3.o)
 .ARM.attributes
                0x000002c1       0x1d C:/Program Files/STMicroelectronics/STM32Cube/STM32CubeCLT_1.18.0/GNU-tools-for-STM32/bin/../lib/gcc/arm-none-eabi/13.3.1/thumb/v7-m/nofp\libgcc.a(_arm_truncdfsf2.o)
 .ARM.attributes
                0x000002de       0x1d C:/Program Files/STMicroelectronics/STM32Cube/STM32CubeCLT_1.18.0/GNU-tools-for-STM32/bin/../lib/gcc/arm-none-eabi/13.3.1/thumb/v7-m/nofp\libgcc.a(_arm_addsubsf3.o)
 .ARM.attributes
                0x000002fb       0x1d C:/Program Files/STMicroelectronics/STM32Cube/STM32CubeCLT_1.18.0/GNU-tools-for-STM32/bin/../lib/gcc/arm-none-eabi/13.3.1/thumb/v7-m/nofp\libgcc.a(_arm_muldivsf3.o)
 .ARM.attributes
                0x00000318       0x1d C:/Program Files/STMicroelectronics/STM32Cube/STM32CubeCLT_1.18.0/GNU-tools-for-STM32/bin/../lib/gcc/arm-none-eabi/13.3.1/thumb/v7-m/nofp\libgcc.a(_arm_fixsfsi.o)
 .ARM.attributes
                0x00000335       0x1d C:/Program Files/STMicroelectronics/STM32Cube/STM32CubeCLT_1.18.0/GNU-tools-for-STM32/bin/../lib/gcc/arm-none-eabi/13.3.1/thumb/v7-m/nofp/crtn.o

.comment        0x00000000       0x43
 .comment       0x00000000       0x43 cmake/stm32cubemx/CMakeFiles/STM32_Drivers.dir/__/__/Core/Src/system_stm32f1xx.c.obj
                                 0x44 (size before relaxing)
 .comment       0x00000043       0x44 cmake/stm32cubemx/CMakeFiles/STM32_Drivers.dir/__/__/Drivers/STM32F1xx_HAL_Driver/Src/stm32f1xx_hal_tim.c.obj
 .comment       0x00000043       0x44 cmake/stm32cubemx/CMakeFiles/STM32_Drivers.dir/__/__/Drivers/STM32F1xx_HAL_Driver/Src/stm32f1xx_hal_tim_ex.c.obj
 .comment       0x00000043       0x44 cmake/stm32cubemx/CMakeFiles/STM32_Drivers.dir/__/__/Drivers/STM32F1xx_HAL_Driver/Src/stm32f1xx_hal.c.obj
 .comment       0x00000043       0x44 cmake/stm32cubemx/CMakeFiles/STM32_Drivers.dir/__/__/Drivers/STM32F1xx_HAL_Driver/Src/stm32f1xx_hal_rcc.c.obj
 .comment       0x00000043       0x44 cmake/stm32cubemx/CMakeFiles/STM32_Drivers.dir/__/__/Drivers/STM32F1xx_HAL_Driver/Src/stm32f1xx_hal_gpio.c.obj
 .comment       0x00000043       0x44 cmake/stm32cubemx/CMakeFiles/STM32_Drivers.dir/__/__/Drivers/STM32F1xx_HAL_Driver/Src/stm32f1xx_hal_cortex.c.obj
 .comment       0x00000043       0x44 CMakeFiles/HKUST-ELEC3300-Project.dir/Core/Src/main.c.obj
 .comment       0x00000043       0x44 CMakeFiles/HKUST-ELEC3300-Project.dir/Core/Src/stm32f1xx_it.c.obj
 .comment       0x00000043       0x44 CMakeFiles/HKUST-ELEC3300-Project.dir/Core/Src/stm32f1xx_hal_msp.c.obj

.debug_frame    0x00000000     0x2934
 .debug_frame   0x00000000       0x20 C:/Program Files/STMicroelectronics/STM32Cube/STM32CubeCLT_1.18.0/GNU-tools-for-STM32/bin/../lib/gcc/arm-none-eabi/13.3.1/../../../../arm-none-eabi/lib/thumb/v7-m/nofp\libc_nano.a(libc_a-memset.o)
 .debug_frame   0x00000020       0x2c C:/Program Files/STMicroelectronics/STM32Cube/STM32CubeCLT_1.18.0/GNU-tools-for-STM32/bin/../lib/gcc/arm-none-eabi/13.3.1/../../../../arm-none-eabi/lib/thumb/v7-m/nofp\libc_nano.a(libc_a-init.o)
 .debug_frame   0x0000004c       0x58 cmake/stm32cubemx/CMakeFiles/STM32_Drivers.dir/__/__/Core/Src/system_stm32f1xx.c.obj
 .debug_frame   0x000000a4     0x11bc cmake/stm32cubemx/CMakeFiles/STM32_Drivers.dir/__/__/Drivers/STM32F1xx_HAL_Driver/Src/stm32f1xx_hal_tim.c.obj
 .debug_frame   0x00001260      0x638 cmake/stm32cubemx/CMakeFiles/STM32_Drivers.dir/__/__/Drivers/STM32F1xx_HAL_Driver/Src/stm32f1xx_hal_tim_ex.c.obj
 .debug_frame   0x00001898      0x334 cmake/stm32cubemx/CMakeFiles/STM32_Drivers.dir/__/__/Drivers/STM32F1xx_HAL_Driver/Src/stm32f1xx_hal.c.obj
 .debug_frame   0x00001bcc      0x21c cmake/stm32cubemx/CMakeFiles/STM32_Drivers.dir/__/__/Drivers/STM32F1xx_HAL_Driver/Src/stm32f1xx_hal_rcc.c.obj
 .debug_frame   0x00001de8      0x14c cmake/stm32cubemx/CMakeFiles/STM32_Drivers.dir/__/__/Drivers/STM32F1xx_HAL_Driver/Src/stm32f1xx_hal_gpio.c.obj
 .debug_frame   0x00001f34      0x428 cmake/stm32cubemx/CMakeFiles/STM32_Drivers.dir/__/__/Drivers/STM32F1xx_HAL_Driver/Src/stm32f1xx_hal_cortex.c.obj
 .debug_frame   0x0000235c      0x260 CMakeFiles/HKUST-ELEC3300-Project.dir/Core/Src/main.c.obj
 .debug_frame   0x000025bc      0x104 CMakeFiles/HKUST-ELEC3300-Project.dir/Core/Src/stm32f1xx_it.c.obj
 .debug_frame   0x000026c0       0xac CMakeFiles/HKUST-ELEC3300-Project.dir/Core/Src/stm32f1xx_hal_msp.c.obj
 .debug_frame   0x0000276c       0xac C:/Program Files/STMicroelectronics/STM32Cube/STM32CubeCLT_1.18.0/GNU-tools-for-STM32/bin/../lib/gcc/arm-none-eabi/13.3.1/thumb/v7-m/nofp\libgcc.a(_arm_addsubdf3.o)
 .debug_frame   0x00002818       0x50 C:/Program Files/STMicroelectronics/STM32Cube/STM32CubeCLT_1.18.0/GNU-tools-for-STM32/bin/../lib/gcc/arm-none-eabi/13.3.1/thumb/v7-m/nofp\libgcc.a(_arm_muldivdf3.o)
 .debug_frame   0x00002868       0x24 C:/Program Files/STMicroelectronics/STM32Cube/STM32CubeCLT_1.18.0/GNU-tools-for-STM32/bin/../lib/gcc/arm-none-eabi/13.3.1/thumb/v7-m/nofp\libgcc.a(_arm_truncdfsf2.o)
 .debug_frame   0x0000288c       0x4c C:/Program Files/STMicroelectronics/STM32Cube/STM32CubeCLT_1.18.0/GNU-tools-for-STM32/bin/../lib/gcc/arm-none-eabi/13.3.1/thumb/v7-m/nofp\libgcc.a(_arm_addsubsf3.o)
 .debug_frame   0x000028d8       0x38 C:/Program Files/STMicroelectronics/STM32Cube/STM32CubeCLT_1.18.0/GNU-tools-for-STM32/bin/../lib/gcc/arm-none-eabi/13.3.1/thumb/v7-m/nofp\libgcc.a(_arm_muldivsf3.o)
 .debug_frame   0x00002910       0x24 C:/Program Files/STMicroelectronics/STM32Cube/STM32CubeCLT_1.18.0/GNU-tools-for-STM32/bin/../lib/gcc/arm-none-eabi/13.3.1/thumb/v7-m/nofp\libgcc.a(_arm_fixsfsi.o)

.debug_info     0x00000000     0x79b0
 .debug_info    0x00000000      0x222 cmake/stm32cubemx/CMakeFiles/STM32_Drivers.dir/__/__/Core/Src/system_stm32f1xx.c.obj
 .debug_info    0x00000222     0x2789 cmake/stm32cubemx/CMakeFiles/STM32_Drivers.dir/__/__/Drivers/STM32F1xx_HAL_Driver/Src/stm32f1xx_hal_tim.c.obj
 .debug_info    0x000029ab     0x13f1 cmake/stm32cubemx/CMakeFiles/STM32_Drivers.dir/__/__/Drivers/STM32F1xx_HAL_Driver/Src/stm32f1xx_hal_tim_ex.c.obj
 .debug_info    0x00003d9c      0x76a cmake/stm32cubemx/CMakeFiles/STM32_Drivers.dir/__/__/Drivers/STM32F1xx_HAL_Driver/Src/stm32f1xx_hal.c.obj
 .debug_info    0x00004506      0x7e9 cmake/stm32cubemx/CMakeFiles/STM32_Drivers.dir/__/__/Drivers/STM32F1xx_HAL_Driver/Src/stm32f1xx_hal_rcc.c.obj
 .debug_info    0x00004cef      0x5ab cmake/stm32cubemx/CMakeFiles/STM32_Drivers.dir/__/__/Drivers/STM32F1xx_HAL_Driver/Src/stm32f1xx_hal_gpio.c.obj
 .debug_info    0x0000529a      0xaed cmake/stm32cubemx/CMakeFiles/STM32_Drivers.dir/__/__/Drivers/STM32F1xx_HAL_Driver/Src/stm32f1xx_hal_cortex.c.obj
 .debug_info    0x00005d87     0x11b3 CMakeFiles/HKUST-ELEC3300-Project.dir/Core/Src/main.c.obj
 .debug_info    0x00006f3a      0x113 CMakeFiles/HKUST-ELEC3300-Project.dir/Core/Src/stm32f1xx_it.c.obj
 .debug_info    0x0000704d      0x933 CMakeFiles/HKUST-ELEC3300-Project.dir/Core/Src/stm32f1xx_hal_msp.c.obj
 .debug_info    0x00007980       0x30 CMakeFiles/HKUST-ELEC3300-Project.dir/startup_stm32f103xe.s.obj

.debug_abbrev   0x00000000     0x1522
 .debug_abbrev  0x00000000      0x13f cmake/stm32cubemx/CMakeFiles/STM32_Drivers.dir/__/__/Core/Src/system_stm32f1xx.c.obj
 .debug_abbrev  0x0000013f      0x270 cmake/stm32cubemx/CMakeFiles/STM32_Drivers.dir/__/__/Drivers/STM32F1xx_HAL_Driver/Src/stm32f1xx_hal_tim.c.obj
 .debug_abbrev  0x000003af      0x27b cmake/stm32cubemx/CMakeFiles/STM32_Drivers.dir/__/__/Drivers/STM32F1xx_HAL_Driver/Src/stm32f1xx_hal_tim_ex.c.obj
 .debug_abbrev  0x0000062a      0x201 cmake/stm32cubemx/CMakeFiles/STM32_Drivers.dir/__/__/Drivers/STM32F1xx_HAL_Driver/Src/stm32f1xx_hal.c.obj
 .debug_abbrev  0x0000082b      0x2b1 cmake/stm32cubemx/CMakeFiles/STM32_Drivers.dir/__/__/Drivers/STM32F1xx_HAL_Driver/Src/stm32f1xx_hal_rcc.c.obj
 .debug_abbrev  0x00000adc      0x1ca cmake/stm32cubemx/CMakeFiles/STM32_Drivers.dir/__/__/Drivers/STM32F1xx_HAL_Driver/Src/stm32f1xx_hal_gpio.c.obj
 .debug_abbrev  0x00000ca6      0x2f8 cmake/stm32cubemx/CMakeFiles/STM32_Drivers.dir/__/__/Drivers/STM32F1xx_HAL_Driver/Src/stm32f1xx_hal_cortex.c.obj
 .debug_abbrev  0x00000f9e      0x31e CMakeFiles/HKUST-ELEC3300-Project.dir/Core/Src/main.c.obj
 .debug_abbrev  0x000012bc       0x73 CMakeFiles/HKUST-ELEC3300-Project.dir/Core/Src/stm32f1xx_it.c.obj
 .debug_abbrev  0x0000132f      0x1cf CMakeFiles/HKUST-ELEC3300-Project.dir/Core/Src/stm32f1xx_hal_msp.c.obj
 .debug_abbrev  0x000014fe       0x24 CMakeFiles/HKUST-ELEC3300-Project.dir/startup_stm32f103xe.s.obj

.debug_aranges  0x00000000      0x988
 .debug_aranges
                0x00000000       0x28 cmake/stm32cubemx/CMakeFiles/STM32_Drivers.dir/__/__/Core/Src/system_stm32f1xx.c.obj
 .debug_aranges
                0x00000028      0x3d0 cmake/stm32cubemx/CMakeFiles/STM32_Drivers.dir/__/__/Drivers/STM32F1xx_HAL_Driver/Src/stm32f1xx_hal_tim.c.obj
 .debug_aranges
                0x000003f8      0x168 cmake/stm32cubemx/CMakeFiles/STM32_Drivers.dir/__/__/Drivers/STM32F1xx_HAL_Driver/Src/stm32f1xx_hal_tim_ex.c.obj
 .debug_aranges
                0x00000560       0xe0 cmake/stm32cubemx/CMakeFiles/STM32_Drivers.dir/__/__/Drivers/STM32F1xx_HAL_Driver/Src/stm32f1xx_hal.c.obj
 .debug_aranges
                0x00000640       0x90 cmake/stm32cubemx/CMakeFiles/STM32_Drivers.dir/__/__/Drivers/STM32F1xx_HAL_Driver/Src/stm32f1xx_hal_rcc.c.obj
 .debug_aranges
                0x000006d0       0x58 cmake/stm32cubemx/CMakeFiles/STM32_Drivers.dir/__/__/Drivers/STM32F1xx_HAL_Driver/Src/stm32f1xx_hal_gpio.c.obj
 .debug_aranges
                0x00000728      0x100 cmake/stm32cubemx/CMakeFiles/STM32_Drivers.dir/__/__/Drivers/STM32F1xx_HAL_Driver/Src/stm32f1xx_hal_cortex.c.obj
 .debug_aranges
                0x00000828       0xa0 CMakeFiles/HKUST-ELEC3300-Project.dir/Core/Src/main.c.obj
 .debug_aranges
                0x000008c8       0x60 CMakeFiles/HKUST-ELEC3300-Project.dir/Core/Src/stm32f1xx_it.c.obj
 .debug_aranges
                0x00000928       0x38 CMakeFiles/HKUST-ELEC3300-Project.dir/Core/Src/stm32f1xx_hal_msp.c.obj
 .debug_aranges
                0x00000960       0x28 CMakeFiles/HKUST-ELEC3300-Project.dir/startup_stm32f103xe.s.obj

.debug_rnglists
                0x00000000      0x762
 .debug_rnglists
                0x00000000       0x1a cmake/stm32cubemx/CMakeFiles/STM32_Drivers.dir/__/__/Core/Src/system_stm32f1xx.c.obj
 .debug_rnglists
                0x0000001a      0x31a cmake/stm32cubemx/CMakeFiles/STM32_Drivers.dir/__/__/Drivers/STM32F1xx_HAL_Driver/Src/stm32f1xx_hal_tim.c.obj
 .debug_rnglists
                0x00000334      0x125 cmake/stm32cubemx/CMakeFiles/STM32_Drivers.dir/__/__/Drivers/STM32F1xx_HAL_Driver/Src/stm32f1xx_hal_tim_ex.c.obj
 .debug_rnglists
                0x00000459       0xa3 cmake/stm32cubemx/CMakeFiles/STM32_Drivers.dir/__/__/Drivers/STM32F1xx_HAL_Driver/Src/stm32f1xx_hal.c.obj
 .debug_rnglists
                0x000004fc       0x6c cmake/stm32cubemx/CMakeFiles/STM32_Drivers.dir/__/__/Drivers/STM32F1xx_HAL_Driver/Src/stm32f1xx_hal_rcc.c.obj
 .debug_rnglists
                0x00000568       0x3f cmake/stm32cubemx/CMakeFiles/STM32_Drivers.dir/__/__/Drivers/STM32F1xx_HAL_Driver/Src/stm32f1xx_hal_gpio.c.obj
 .debug_rnglists
                0x000005a7       0xbb cmake/stm32cubemx/CMakeFiles/STM32_Drivers.dir/__/__/Drivers/STM32F1xx_HAL_Driver/Src/stm32f1xx_hal_cortex.c.obj
 .debug_rnglists
                0x00000662       0x7e CMakeFiles/HKUST-ELEC3300-Project.dir/Core/Src/main.c.obj
 .debug_rnglists
                0x000006e0       0x43 CMakeFiles/HKUST-ELEC3300-Project.dir/Core/Src/stm32f1xx_it.c.obj
 .debug_rnglists
                0x00000723       0x26 CMakeFiles/HKUST-ELEC3300-Project.dir/Core/Src/stm32f1xx_hal_msp.c.obj
 .debug_rnglists
                0x00000749       0x19 CMakeFiles/HKUST-ELEC3300-Project.dir/startup_stm32f103xe.s.obj

.debug_macro    0x00000000    0x18f82
 .debug_macro   0x00000000      0x199 cmake/stm32cubemx/CMakeFiles/STM32_Drivers.dir/__/__/Core/Src/system_stm32f1xx.c.obj
 .debug_macro   0x00000199      0xacc cmake/stm32cubemx/CMakeFiles/STM32_Drivers.dir/__/__/Core/Src/system_stm32f1xx.c.obj
 .debug_macro   0x00000c65       0x2e cmake/stm32cubemx/CMakeFiles/STM32_Drivers.dir/__/__/Core/Src/system_stm32f1xx.c.obj
 .debug_macro   0x00000c93       0x22 cmake/stm32cubemx/CMakeFiles/STM32_Drivers.dir/__/__/Core/Src/system_stm32f1xx.c.obj
 .debug_macro   0x00000cb5       0x22 cmake/stm32cubemx/CMakeFiles/STM32_Drivers.dir/__/__/Core/Src/system_stm32f1xx.c.obj
 .debug_macro   0x00000cd7       0x8e cmake/stm32cubemx/CMakeFiles/STM32_Drivers.dir/__/__/Core/Src/system_stm32f1xx.c.obj
 .debug_macro   0x00000d65       0x51 cmake/stm32cubemx/CMakeFiles/STM32_Drivers.dir/__/__/Core/Src/system_stm32f1xx.c.obj
 .debug_macro   0x00000db6      0x103 cmake/stm32cubemx/CMakeFiles/STM32_Drivers.dir/__/__/Core/Src/system_stm32f1xx.c.obj
 .debug_macro   0x00000eb9       0x6a cmake/stm32cubemx/CMakeFiles/STM32_Drivers.dir/__/__/Core/Src/system_stm32f1xx.c.obj
 .debug_macro   0x00000f23      0x1df cmake/stm32cubemx/CMakeFiles/STM32_Drivers.dir/__/__/Core/Src/system_stm32f1xx.c.obj
 .debug_macro   0x00001102       0x1c cmake/stm32cubemx/CMakeFiles/STM32_Drivers.dir/__/__/Core/Src/system_stm32f1xx.c.obj
 .debug_macro   0x0000111e       0x22 cmake/stm32cubemx/CMakeFiles/STM32_Drivers.dir/__/__/Core/Src/system_stm32f1xx.c.obj
 .debug_macro   0x00001140       0xbd cmake/stm32cubemx/CMakeFiles/STM32_Drivers.dir/__/__/Core/Src/system_stm32f1xx.c.obj
 .debug_macro   0x000011fd      0xd23 cmake/stm32cubemx/CMakeFiles/STM32_Drivers.dir/__/__/Core/Src/system_stm32f1xx.c.obj
 .debug_macro   0x00001f20     0xfd8c cmake/stm32cubemx/CMakeFiles/STM32_Drivers.dir/__/__/Core/Src/system_stm32f1xx.c.obj
 .debug_macro   0x00011cac       0x6d cmake/stm32cubemx/CMakeFiles/STM32_Drivers.dir/__/__/Core/Src/system_stm32f1xx.c.obj
 .debug_macro   0x00011d19      0x215 cmake/stm32cubemx/CMakeFiles/STM32_Drivers.dir/__/__/Core/Src/system_stm32f1xx.c.obj
 .debug_macro   0x00011f2e     0x3468 cmake/stm32cubemx/CMakeFiles/STM32_Drivers.dir/__/__/Core/Src/system_stm32f1xx.c.obj
 .debug_macro   0x00015396      0x190 cmake/stm32cubemx/CMakeFiles/STM32_Drivers.dir/__/__/Core/Src/system_stm32f1xx.c.obj
 .debug_macro   0x00015526       0x5c cmake/stm32cubemx/CMakeFiles/STM32_Drivers.dir/__/__/Core/Src/system_stm32f1xx.c.obj
 .debug_macro   0x00015582      0x5be cmake/stm32cubemx/CMakeFiles/STM32_Drivers.dir/__/__/Core/Src/system_stm32f1xx.c.obj
 .debug_macro   0x00015b40      0x4d5 cmake/stm32cubemx/CMakeFiles/STM32_Drivers.dir/__/__/Core/Src/system_stm32f1xx.c.obj
 .debug_macro   0x00016015      0x1cb cmake/stm32cubemx/CMakeFiles/STM32_Drivers.dir/__/__/Core/Src/system_stm32f1xx.c.obj
 .debug_macro   0x000161e0      0x114 cmake/stm32cubemx/CMakeFiles/STM32_Drivers.dir/__/__/Core/Src/system_stm32f1xx.c.obj
 .debug_macro   0x000162f4      0x1ea cmake/stm32cubemx/CMakeFiles/STM32_Drivers.dir/__/__/Core/Src/system_stm32f1xx.c.obj
 .debug_macro   0x000164de       0x27 cmake/stm32cubemx/CMakeFiles/STM32_Drivers.dir/__/__/Core/Src/system_stm32f1xx.c.obj
 .debug_macro   0x00016505      0x144 cmake/stm32cubemx/CMakeFiles/STM32_Drivers.dir/__/__/Core/Src/system_stm32f1xx.c.obj
 .debug_macro   0x00016649      0x1bc cmake/stm32cubemx/CMakeFiles/STM32_Drivers.dir/__/__/Core/Src/system_stm32f1xx.c.obj
 .debug_macro   0x00016805       0x30 cmake/stm32cubemx/CMakeFiles/STM32_Drivers.dir/__/__/Core/Src/system_stm32f1xx.c.obj
 .debug_macro   0x00016835       0x3c cmake/stm32cubemx/CMakeFiles/STM32_Drivers.dir/__/__/Core/Src/system_stm32f1xx.c.obj
 .debug_macro   0x00016871       0x57 cmake/stm32cubemx/CMakeFiles/STM32_Drivers.dir/__/__/Core/Src/system_stm32f1xx.c.obj
 .debug_macro   0x000168c8       0x88 cmake/stm32cubemx/CMakeFiles/STM32_Drivers.dir/__/__/Core/Src/system_stm32f1xx.c.obj
 .debug_macro   0x00016950      0x24f cmake/stm32cubemx/CMakeFiles/STM32_Drivers.dir/__/__/Core/Src/system_stm32f1xx.c.obj
 .debug_macro   0x00016b9f      0x141 cmake/stm32cubemx/CMakeFiles/STM32_Drivers.dir/__/__/Core/Src/system_stm32f1xx.c.obj
 .debug_macro   0x00016ce0      0x8d1 cmake/stm32cubemx/CMakeFiles/STM32_Drivers.dir/__/__/Core/Src/system_stm32f1xx.c.obj
 .debug_macro   0x000175b1       0xb5 cmake/stm32cubemx/CMakeFiles/STM32_Drivers.dir/__/__/Core/Src/system_stm32f1xx.c.obj
 .debug_macro   0x00017666      0x19a cmake/stm32cubemx/CMakeFiles/STM32_Drivers.dir/__/__/Drivers/STM32F1xx_HAL_Driver/Src/stm32f1xx_hal_tim.c.obj
 .debug_macro   0x00017800      0x199 cmake/stm32cubemx/CMakeFiles/STM32_Drivers.dir/__/__/Drivers/STM32F1xx_HAL_Driver/Src/stm32f1xx_hal_tim_ex.c.obj
 .debug_macro   0x00017999      0x1bd cmake/stm32cubemx/CMakeFiles/STM32_Drivers.dir/__/__/Drivers/STM32F1xx_HAL_Driver/Src/stm32f1xx_hal.c.obj
 .debug_macro   0x00017b56      0x1ab cmake/stm32cubemx/CMakeFiles/STM32_Drivers.dir/__/__/Drivers/STM32F1xx_HAL_Driver/Src/stm32f1xx_hal_rcc.c.obj
 .debug_macro   0x00017d01      0x204 cmake/stm32cubemx/CMakeFiles/STM32_Drivers.dir/__/__/Drivers/STM32F1xx_HAL_Driver/Src/stm32f1xx_hal_gpio.c.obj
 .debug_macro   0x00017f05      0x199 cmake/stm32cubemx/CMakeFiles/STM32_Drivers.dir/__/__/Drivers/STM32F1xx_HAL_Driver/Src/stm32f1xx_hal_cortex.c.obj
 .debug_macro   0x0001809e      0x27e CMakeFiles/HKUST-ELEC3300-Project.dir/Core/Src/main.c.obj
 .debug_macro   0x0001831c       0x74 CMakeFiles/HKUST-ELEC3300-Project.dir/Core/Src/main.c.obj
 .debug_macro   0x00018390       0x24 CMakeFiles/HKUST-ELEC3300-Project.dir/Core/Src/main.c.obj
 .debug_macro   0x000183b4       0x3c CMakeFiles/HKUST-ELEC3300-Project.dir/Core/Src/main.c.obj
 .debug_macro   0x000183f0       0x34 CMakeFiles/HKUST-ELEC3300-Project.dir/Core/Src/main.c.obj
 .debug_macro   0x00018424      0x370 CMakeFiles/HKUST-ELEC3300-Project.dir/Core/Src/main.c.obj
 .debug_macro   0x00018794       0x16 CMakeFiles/HKUST-ELEC3300-Project.dir/Core/Src/main.c.obj
 .debug_macro   0x000187aa       0x4a CMakeFiles/HKUST-ELEC3300-Project.dir/Core/Src/main.c.obj
 .debug_macro   0x000187f4       0x34 CMakeFiles/HKUST-ELEC3300-Project.dir/Core/Src/main.c.obj
 .debug_macro   0x00018828       0x10 CMakeFiles/HKUST-ELEC3300-Project.dir/Core/Src/main.c.obj
 .debug_macro   0x00018838       0x58 CMakeFiles/HKUST-ELEC3300-Project.dir/Core/Src/main.c.obj
 .debug_macro   0x00018890      0x1e5 CMakeFiles/HKUST-ELEC3300-Project.dir/Core/Src/main.c.obj
 .debug_macro   0x00018a75      0x19b CMakeFiles/HKUST-ELEC3300-Project.dir/Core/Src/main.c.obj
 .debug_macro   0x00018c10       0x22 CMakeFiles/HKUST-ELEC3300-Project.dir/Core/Src/main.c.obj
 .debug_macro   0x00018c32      0x1ad CMakeFiles/HKUST-ELEC3300-Project.dir/Core/Src/stm32f1xx_it.c.obj
 .debug_macro   0x00018ddf      0x1a3 CMakeFiles/HKUST-ELEC3300-Project.dir/Core/Src/stm32f1xx_hal_msp.c.obj

.debug_line     0x00000000     0xa68d
 .debug_line    0x00000000      0x807 cmake/stm32cubemx/CMakeFiles/STM32_Drivers.dir/__/__/Core/Src/system_stm32f1xx.c.obj
 .debug_line    0x00000807     0x3603 cmake/stm32cubemx/CMakeFiles/STM32_Drivers.dir/__/__/Drivers/STM32F1xx_HAL_Driver/Src/stm32f1xx_hal_tim.c.obj
 .debug_line    0x00003e0a     0x1939 cmake/stm32cubemx/CMakeFiles/STM32_Drivers.dir/__/__/Drivers/STM32F1xx_HAL_Driver/Src/stm32f1xx_hal_tim_ex.c.obj
 .debug_line    0x00005743      0xa38 cmake/stm32cubemx/CMakeFiles/STM32_Drivers.dir/__/__/Drivers/STM32F1xx_HAL_Driver/Src/stm32f1xx_hal.c.obj
 .debug_line    0x0000617b      0xef3 cmake/stm32cubemx/CMakeFiles/STM32_Drivers.dir/__/__/Drivers/STM32F1xx_HAL_Driver/Src/stm32f1xx_hal_rcc.c.obj
 .debug_line    0x0000706e      0xabb cmake/stm32cubemx/CMakeFiles/STM32_Drivers.dir/__/__/Drivers/STM32F1xx_HAL_Driver/Src/stm32f1xx_hal_gpio.c.obj
 .debug_line    0x00007b29      0xc02 cmake/stm32cubemx/CMakeFiles/STM32_Drivers.dir/__/__/Drivers/STM32F1xx_HAL_Driver/Src/stm32f1xx_hal_cortex.c.obj
 .debug_line    0x0000872b      0xe87 CMakeFiles/HKUST-ELEC3300-Project.dir/Core/Src/main.c.obj
 .debug_line    0x000095b2      0x837 CMakeFiles/HKUST-ELEC3300-Project.dir/Core/Src/stm32f1xx_it.c.obj
 .debug_line    0x00009de9      0x82b CMakeFiles/HKUST-ELEC3300-Project.dir/Core/Src/stm32f1xx_hal_msp.c.obj
 .debug_line    0x0000a614       0x79 CMakeFiles/HKUST-ELEC3300-Project.dir/startup_stm32f103xe.s.obj

.debug_str      0x00000000    0x95afa
 .debug_str     0x00000000    0x95afa cmake/stm32cubemx/CMakeFiles/STM32_Drivers.dir/__/__/Core/Src/system_stm32f1xx.c.obj
                              0x8fc53 (size before relaxing)
 .debug_str     0x00095afa    0x9106d cmake/stm32cubemx/CMakeFiles/STM32_Drivers.dir/__/__/Drivers/STM32F1xx_HAL_Driver/Src/stm32f1xx_hal_tim.c.obj
 .debug_str     0x00095afa    0x90889 cmake/stm32cubemx/CMakeFiles/STM32_Drivers.dir/__/__/Drivers/STM32F1xx_HAL_Driver/Src/stm32f1xx_hal_tim_ex.c.obj
 .debug_str     0x00095afa    0x9046a cmake/stm32cubemx/CMakeFiles/STM32_Drivers.dir/__/__/Drivers/STM32F1xx_HAL_Driver/Src/stm32f1xx_hal.c.obj
 .debug_str     0x00095afa    0x90082 cmake/stm32cubemx/CMakeFiles/STM32_Drivers.dir/__/__/Drivers/STM32F1xx_HAL_Driver/Src/stm32f1xx_hal_rcc.c.obj
 .debug_str     0x00095afa    0x8ffd9 cmake/stm32cubemx/CMakeFiles/STM32_Drivers.dir/__/__/Drivers/STM32F1xx_HAL_Driver/Src/stm32f1xx_hal_gpio.c.obj
 .debug_str     0x00095afa    0x903b6 cmake/stm32cubemx/CMakeFiles/STM32_Drivers.dir/__/__/Drivers/STM32F1xx_HAL_Driver/Src/stm32f1xx_hal_cortex.c.obj
 .debug_str     0x00095afa    0x93baa CMakeFiles/HKUST-ELEC3300-Project.dir/Core/Src/main.c.obj
 .debug_str     0x00095afa    0x8fc3d CMakeFiles/HKUST-ELEC3300-Project.dir/Core/Src/stm32f1xx_it.c.obj
 .debug_str     0x00095afa    0x90190 CMakeFiles/HKUST-ELEC3300-Project.dir/Core/Src/stm32f1xx_hal_msp.c.obj
 .debug_str     0x00095afa       0xcc CMakeFiles/HKUST-ELEC3300-Project.dir/startup_stm32f103xe.s.obj

.debug_line_str
                0x00000000       0xb0
 .debug_line_str
                0x00000000       0xb0 CMakeFiles/HKUST-ELEC3300-Project.dir/startup_stm32f103xe.s.obj
