Archive member included to satisfy reference by file (symbol)

C:/Program Files/STMicroelectronics/STM32Cube/STM32CubeCLT_1.18.0/GNU-tools-for-STM32/bin/../lib/gcc/arm-none-eabi/13.3.1/../../../../arm-none-eabi/lib/thumb/v7-m/nofp\libc_nano.a(libc_a-exit.o)
                              C:/Program Files/STMicroelectronics/STM32Cube/STM32CubeCLT_1.18.0/GNU-tools-for-STM32/bin/../lib/gcc/arm-none-eabi/13.3.1/../../../../arm-none-eabi/lib/thumb/v7-m/nofp/crt0.o (exit)
C:/Program Files/STMicroelectronics/STM32Cube/STM32CubeCLT_1.18.0/GNU-tools-for-STM32/bin/../lib/gcc/arm-none-eabi/13.3.1/../../../../arm-none-eabi/lib/thumb/v7-m/nofp\libc_nano.a(libc_a-findfp.o)
                              C:/Program Files/STMicroelectronics/STM32Cube/STM32CubeCLT_1.18.0/GNU-tools-for-STM32/bin/../lib/gcc/arm-none-eabi/13.3.1/../../../../arm-none-eabi/lib/thumb/v7-m/nofp\libc_nano.a(libc_a-exit.o) (__stdio_exit_handler)
C:/Program Files/STMicroelectronics/STM32Cube/STM32CubeCLT_1.18.0/GNU-tools-for-STM32/bin/../lib/gcc/arm-none-eabi/13.3.1/../../../../arm-none-eabi/lib/thumb/v7-m/nofp\libc_nano.a(libc_a-fwalk.o)
                              C:/Program Files/STMicroelectronics/STM32Cube/STM32CubeCLT_1.18.0/GNU-tools-for-STM32/bin/../lib/gcc/arm-none-eabi/13.3.1/../../../../arm-none-eabi/lib/thumb/v7-m/nofp\libc_nano.a(libc_a-findfp.o) (_fwalk_sglue)
C:/Program Files/STMicroelectronics/STM32Cube/STM32CubeCLT_1.18.0/GNU-tools-for-STM32/bin/../lib/gcc/arm-none-eabi/13.3.1/../../../../arm-none-eabi/lib/thumb/v7-m/nofp\libc_nano.a(libc_a-stdio.o)
                              C:/Program Files/STMicroelectronics/STM32Cube/STM32CubeCLT_1.18.0/GNU-tools-for-STM32/bin/../lib/gcc/arm-none-eabi/13.3.1/../../../../arm-none-eabi/lib/thumb/v7-m/nofp\libc_nano.a(libc_a-findfp.o) (__sread)
C:/Program Files/STMicroelectronics/STM32Cube/STM32CubeCLT_1.18.0/GNU-tools-for-STM32/bin/../lib/gcc/arm-none-eabi/13.3.1/../../../../arm-none-eabi/lib/thumb/v7-m/nofp\libc_nano.a(libc_a-memset.o)
                              C:/Program Files/STMicroelectronics/STM32Cube/STM32CubeCLT_1.18.0/GNU-tools-for-STM32/bin/../lib/gcc/arm-none-eabi/13.3.1/../../../../arm-none-eabi/lib/thumb/v7-m/nofp/crt0.o (memset)
C:/Program Files/STMicroelectronics/STM32Cube/STM32CubeCLT_1.18.0/GNU-tools-for-STM32/bin/../lib/gcc/arm-none-eabi/13.3.1/../../../../arm-none-eabi/lib/thumb/v7-m/nofp\libc_nano.a(libc_a-closer.o)
                              C:/Program Files/STMicroelectronics/STM32Cube/STM32CubeCLT_1.18.0/GNU-tools-for-STM32/bin/../lib/gcc/arm-none-eabi/13.3.1/../../../../arm-none-eabi/lib/thumb/v7-m/nofp\libc_nano.a(libc_a-stdio.o) (_close_r)
C:/Program Files/STMicroelectronics/STM32Cube/STM32CubeCLT_1.18.0/GNU-tools-for-STM32/bin/../lib/gcc/arm-none-eabi/13.3.1/../../../../arm-none-eabi/lib/thumb/v7-m/nofp\libc_nano.a(libc_a-reent.o)
                              C:/Program Files/STMicroelectronics/STM32Cube/STM32CubeCLT_1.18.0/GNU-tools-for-STM32/bin/../lib/gcc/arm-none-eabi/13.3.1/../../../../arm-none-eabi/lib/thumb/v7-m/nofp\libc_nano.a(libc_a-closer.o) (errno)
C:/Program Files/STMicroelectronics/STM32Cube/STM32CubeCLT_1.18.0/GNU-tools-for-STM32/bin/../lib/gcc/arm-none-eabi/13.3.1/../../../../arm-none-eabi/lib/thumb/v7-m/nofp\libc_nano.a(libc_a-impure.o)
                              C:/Program Files/STMicroelectronics/STM32Cube/STM32CubeCLT_1.18.0/GNU-tools-for-STM32/bin/../lib/gcc/arm-none-eabi/13.3.1/../../../../arm-none-eabi/lib/thumb/v7-m/nofp\libc_nano.a(libc_a-reent.o) (_impure_ptr)
C:/Program Files/STMicroelectronics/STM32Cube/STM32CubeCLT_1.18.0/GNU-tools-for-STM32/bin/../lib/gcc/arm-none-eabi/13.3.1/../../../../arm-none-eabi/lib/thumb/v7-m/nofp\libc_nano.a(libc_a-lseekr.o)
                              C:/Program Files/STMicroelectronics/STM32Cube/STM32CubeCLT_1.18.0/GNU-tools-for-STM32/bin/../lib/gcc/arm-none-eabi/13.3.1/../../../../arm-none-eabi/lib/thumb/v7-m/nofp\libc_nano.a(libc_a-stdio.o) (_lseek_r)
C:/Program Files/STMicroelectronics/STM32Cube/STM32CubeCLT_1.18.0/GNU-tools-for-STM32/bin/../lib/gcc/arm-none-eabi/13.3.1/../../../../arm-none-eabi/lib/thumb/v7-m/nofp\libc_nano.a(libc_a-readr.o)
                              C:/Program Files/STMicroelectronics/STM32Cube/STM32CubeCLT_1.18.0/GNU-tools-for-STM32/bin/../lib/gcc/arm-none-eabi/13.3.1/../../../../arm-none-eabi/lib/thumb/v7-m/nofp\libc_nano.a(libc_a-stdio.o) (_read_r)
C:/Program Files/STMicroelectronics/STM32Cube/STM32CubeCLT_1.18.0/GNU-tools-for-STM32/bin/../lib/gcc/arm-none-eabi/13.3.1/../../../../arm-none-eabi/lib/thumb/v7-m/nofp\libc_nano.a(libc_a-writer.o)
                              C:/Program Files/STMicroelectronics/STM32Cube/STM32CubeCLT_1.18.0/GNU-tools-for-STM32/bin/../lib/gcc/arm-none-eabi/13.3.1/../../../../arm-none-eabi/lib/thumb/v7-m/nofp\libc_nano.a(libc_a-stdio.o) (_write_r)
C:/Program Files/STMicroelectronics/STM32Cube/STM32CubeCLT_1.18.0/GNU-tools-for-STM32/bin/../lib/gcc/arm-none-eabi/13.3.1/../../../../arm-none-eabi/lib/thumb/v7-m/nofp\libc_nano.a(libc_a-init.o)
[...]
Memory Configuration

Name             Origin             Length             Attributes
RAM              0x20000000         0x00010000         xrw
FLASH            0x08000000         0x00080000         xr
*default*        0x00000000         0xffffffff

Linker script and memory map

LOAD C:/Program Files/STMicroelectronics/STM32Cube/STM32CubeCLT_1.18.0/GNU-tools-for-STM32/bin/../lib/gcc/arm-none-eabi/13.3.1/thumb/v7-m/nofp/crti.o
LOAD C:/Program Files/STMicroelectronics/STM32Cube/STM32CubeCLT_1.18.0/GNU-tools-for-STM32/bin/../lib/gcc/arm-none-eabi/13.3.1/thumb/v7-m/nofp/crtbegin.o
LOAD C:/Program Files/STMicroelectronics/STM32Cube/STM32CubeCLT_1.18.0/GNU-tools-for-STM32/bin/../lib/gcc/arm-none-eabi/13.3.1/../../../../arm-none-eabi/lib/thumb/v7-m/nofp/crt0.o
START GROUP
LOAD C:/Program Files/STMicroelectronics/STM32Cube/STM32CubeCLT_1.18.0/GNU-tools-for-STM32/bin/../lib/gcc/arm-none-eabi/13.3.1/../../../../arm-none-eabi/lib/thumb/v7-m/nofp\libc_nano.a
LOAD C:/Program Files/STMicroelectronics/STM32Cube/STM32CubeCLT_1.18.0/GNU-tools-for-STM32/bin/../lib/gcc/arm-none-eabi/13.3.1/../../../../arm-none-eabi/lib/thumb/v7-m/nofp\libm.a
END GROUP
LOAD cmake/stm32cubemx/CMakeFiles/STM32_Drivers.dir/__/__/Core/Src/system_stm32f1xx.c.obj
LOAD cmake/stm32cubemx/CMakeFiles/STM32_Drivers.dir/__/__/Drivers/STM32F1xx_HAL_Driver/Src/stm32f1xx_hal_gpio_ex.c.obj
LOAD cmake/stm32cubemx/CMakeFiles/STM32_Drivers.dir/__/__/Drivers/STM32F1xx_HAL_Driver/Src/stm32f1xx_hal.c.obj
LOAD cmake/stm32cubemx/CMakeFiles/STM32_Drivers.dir/__/__/Drivers/STM32F1xx_HAL_Driver/Src/stm32f1xx_hal_rcc.c.obj
LOAD cmake/stm32cubemx/CMakeFiles/STM32_Drivers.dir/__/__/Drivers/STM32F1xx_HAL_Driver/Src/stm32f1xx_hal_rcc_ex.c.obj
LOAD cmake/stm32cubemx/CMakeFiles/STM32_Drivers.dir/__/__/Drivers/STM32F1xx_HAL_Driver/Src/stm32f1xx_hal_gpio.c.obj
LOAD cmake/stm32cubemx/CMakeFiles/STM32_Drivers.dir/__/__/Drivers/STM32F1xx_HAL_Driver/Src/stm32f1xx_hal_dma.c.obj
LOAD cmake/stm32cubemx/CMakeFiles/STM32_Drivers.dir/__/__/Drivers/STM32F1xx_HAL_Driver/Src/stm32f1xx_hal_cortex.c.obj
LOAD cmake/stm32cubemx/CMakeFiles/STM32_Drivers.dir/__/__/Drivers/STM32F1xx_HAL_Driver/Src/stm32f1xx_hal_pwr.c.obj
LOAD cmake/stm32cubemx/CMakeFiles/STM32_Drivers.dir/__/__/Drivers/STM32F1xx_HAL_Driver/Src/stm32f1xx_hal_flash.c.obj
LOAD cmake/stm32cubemx/CMakeFiles/STM32_Drivers.dir/__/__/Drivers/STM32F1xx_HAL_Driver/Src/stm32f1xx_hal_flash_ex.c.obj
LOAD cmake/stm32cubemx/CMakeFiles/STM32_Drivers.dir/__/__/Drivers/STM32F1xx_HAL_Driver/Src/stm32f1xx_hal_exti.c.obj
LOAD CMakeFiles/HKUST-ELEC3300-Project.dir/Core/Src/main.c.obj
LOAD CMakeFiles/HKUST-ELEC3300-Project.dir/Core/Src/stm32f1xx_it.c.obj
LOAD CMakeFiles/HKUST-ELEC3300-Project.dir/Core/Src/stm32f1xx_hal_msp.c.obj
LOAD CMakeFiles/HKUST-ELEC3300-Project.dir/Core/Src/sysmem.c.obj
LOAD CMakeFiles/HKUST-ELEC3300-Project.dir/Core/Src/syscalls.c.obj
LOAD CMakeFiles/HKUST-ELEC3300-Project.dir/startup_stm32f103xe.s.obj
START GROUP
LOAD C:/Program Files/STMicroelectronics/STM32Cube/STM32CubeCLT_1.18.0/GNU-tools-for-STM32/bin/../lib/gcc/arm-none-eabi/13.3.1/thumb/v7-m/nofp\libgcc.a
LOAD C:/Program Files/STMicroelectronics/STM32Cube/STM32CubeCLT_1.18.0/GNU-tools-for-STM32/bin/../lib/gcc/arm-none-eabi/13.3.1/../../../../arm-none-eabi/lib/thumb/v7-m/nofp\libg_nano.a
LOAD C:/Program Files/STMicroelectronics/STM32Cube/STM32CubeCLT_1.18.0/GNU-tools-for-STM32/bin/../lib/gcc/arm-none-eabi/13.3.1/../../../../arm-none-eabi/lib/thumb/v7-m/nofp\libc_nano.a
END GROUP
START GROUP
LOAD C:/Program Files/STMicroelectronics/STM32Cube/STM32CubeCLT_1.18.0/GNU-tools-for-STM32/bin/../lib/gcc/arm-none-eabi/13.3.1/thumb/v7-m/nofp\libgcc.a
LOAD C:/Program Files/STMicroelectronics/STM32Cube/STM32CubeCLT_1.18.0/GNU-tools-for-STM32/bin/../lib/gcc/arm-none-eabi/13.3.1/../../../../arm-none-eabi/lib/thumb/v7-m/nofp\libc_nano.a
END GROUP
LOAD C:/Program Files/STMicroelectronics/STM32Cube/STM32CubeCLT_1.18.0/GNU-tools-for-STM32/bin/../lib/gcc/arm-none-eabi/13.3.1/thumb/v7-m/nofp/crtend.o
LOAD C:/Program Files/STMicroelectronics/STM32Cube/STM32CubeCLT_1.18.0/GNU-tools-for-STM32/bin/../lib/gcc/arm-none-eabi/13.3.1/thumb/v7-m/nofp/crtn.o
                0x20010000                        _estack = (ORIGIN (RAM) + LENGTH (RAM))
                0x00000200                        _Min_Heap_Size = 0x200
                0x00000400                        _Min_Stack_Size = 0x400

.isr_vector     0x08000000      0x1e4
                0x08000000                        . = ALIGN (0x4)
 *(.isr_vector)
 .isr_vector    0x08000000      0x1e4 CMakeFiles/HKUST-ELEC3300-Project.dir/startup_stm32f103xe.s.obj
                0x08000000                g_pfnVectors
                0x080001e4                        . = ALIGN (0x4)

.text           0x080001e4     0x1194
                0x080001e4                        . = ALIGN (0x4)
 *(.text)
 .text          0x080001e4       0x40 C:/Program Files/STMicroelectronics/STM32Cube/STM32CubeCLT_1.18.0/GNU-tools-for-STM32/bin/../lib/gcc/arm-none-eabi/13.3.1/thumb/v7-m/nofp/crtbegin.o
 *(.text*)
 .text.memset   0x08000224       0x10 C:/Program Files/STMicroelectronics/STM32Cube/STM32CubeCLT_1.18.0/GNU-tools-for-STM32/bin/../lib/gcc/arm-none-eabi/13.3.1/../../../../arm-none-eabi/lib/thumb/v7-m/nofp\libc_nano.a(libc_a-memset.o)
                0x08000224                memset
 .text.__libc_init_array
                0x08000234       0x48 C:/Program Files/STMicroelectronics/STM32Cube/STM32CubeCLT_1.18.0/GNU-tools-for-STM32/bin/../lib/gcc/arm-none-eabi/13.3.1/../../../../arm-none-eabi/lib/thumb/v7-m/nofp\libc_nano.a(libc_a-init.o)
                0x08000234                __libc_init_array
 .text.SystemInit
                0x0800027c        0xc cmake/stm32cubemx/CMakeFiles/STM32_Drivers.dir/__/__/Core/Src/system_stm32f1xx.c.obj
                0x0800027c                SystemInit
 .text.HAL_Init
                0x08000288       0x2c cmake/stm32cubemx/CMakeFiles/STM32_Drivers.dir/__/__/Drivers/STM32F1xx_HAL_Driver/Src/stm32f1xx_hal.c.obj
                0x08000288                HAL_Init
 .text.HAL_InitTick
                0x080002b4       0x60 cmake/stm32cubemx/CMakeFiles/STM32_Drivers.dir/__/__/Drivers/STM32F1xx_HAL_Driver/Src/stm32f1xx_hal.c.obj
                0x080002b4                HAL_InitTick
 .text.HAL_IncTick
                0x08000314       0x24 cmake/stm32cubemx/CMakeFiles/STM32_Drivers.dir/__/__/Drivers/STM32F1xx_HAL_Driver/Src/stm32f1xx_hal.c.obj
                0x08000314                HAL_IncTick
 .text.HAL_GetTick
                0x08000338       0x14 cmake/stm32cubemx/CMakeFiles/STM32_Drivers.dir/__/__/Drivers/STM32F1xx_HAL_Driver/Src/stm32f1xx_hal.c.obj
                0x08000338                HAL_GetTick
 .text.HAL_Delay
                0x0800034c       0x48 cmake/stm32cubemx/CMakeFiles/STM32_Drivers.dir/__/__/Drivers/STM32F1xx_HAL_Driver/Src/stm32f1xx_hal.c.obj
                0x0800034c                HAL_Delay
 .text.HAL_RCC_OscConfig
                0x08000394      0x504 cmake/stm32cubemx/CMakeFiles/STM32_Drivers.dir/__/__/Drivers/STM32F1xx_HAL_Driver/Src/stm32f1xx_hal_rcc.c.obj
                0x08000394                HAL_RCC_OscConfig
 .text.HAL_RCC_ClockConfig
                0x08000898      0x1d4 cmake/stm32cubemx/CMakeFiles/STM32_Drivers.dir/__/__/Drivers/STM32F1xx_HAL_Driver/Src/stm32f1xx_hal_rcc.c.obj
                0x08000898                HAL_RCC_ClockConfig
 .text.HAL_RCC_GetSysClockFreq
                0x08000a6c       0xbc cmake/stm32cubemx/CMakeFiles/STM32_Drivers.dir/__/__/Drivers/STM32F1xx_HAL_Driver/Src/stm32f1xx_hal_rcc.c.obj
                0x08000a6c                HAL_RCC_GetSysClockFreq
 .text.RCC_Delay
                0x08000b28       0x3c cmake/stm32cubemx/CMakeFiles/STM32_Drivers.dir/__/__/Drivers/STM32F1xx_HAL_Driver/Src/stm32f1xx_hal_rcc.c.obj
 .text.HAL_GPIO_Init
                0x08000b64      0x328 cmake/stm32cubemx/CMakeFiles/STM32_Drivers.dir/__/__/Drivers/STM32F1xx_HAL_Driver/Src/stm32f1xx_hal_gpio.c.obj
                0x08000b64                HAL_GPIO_Init
 .text.HAL_GPIO_WritePin
                0x08000e8c       0x30 cmake/stm32cubemx/CMakeFiles/STM32_Drivers.dir/__/__/Drivers/STM32F1xx_HAL_Driver/Src/stm32f1xx_hal_gpio.c.obj
                0x08000e8c                HAL_GPIO_WritePin
 .text.__NVIC_SetPriorityGrouping
                0x08000ebc       0x48 cmake/stm32cubemx/CMakeFiles/STM32_Drivers.dir/__/__/Drivers/STM32F1xx_HAL_Driver/Src/stm32f1xx_hal_cortex.c.obj
 .text.__NVIC_GetPriorityGrouping
                0x08000f04       0x1c cmake/stm32cubemx/CMakeFiles/STM32_Drivers.dir/__/__/Drivers/STM32F1xx_HAL_Driver/Src/stm32f1xx_hal_cortex.c.obj
 .text.__NVIC_SetPriority
                0x08000f20       0x54 cmake/stm32cubemx/CMakeFiles/STM32_Drivers.dir/__/__/Drivers/STM32F1xx_HAL_Driver/Src/stm32f1xx_hal_cortex.c.obj
 .text.NVIC_EncodePriority
                0x08000f74       0x64 cmake/stm32cubemx/CMakeFiles/STM32_Drivers.dir/__/__/Drivers/STM32F1xx_HAL_Driver/Src/stm32f1xx_hal_cortex.c.obj
 .text.SysTick_Config
                0x08000fd8       0x44 cmake/stm32cubemx/CMakeFiles/STM32_Drivers.dir/__/__/Drivers/STM32F1xx_HAL_Driver/Src/stm32f1xx_hal_cortex.c.obj
 .text.HAL_NVIC_SetPriorityGrouping
                0x0800101c       0x16 cmake/stm32cubemx/CMakeFiles/STM32_Drivers.dir/__/__/Drivers/STM32F1xx_HAL_Driver/Src/stm32f1xx_hal_cortex.c.obj
                0x0800101c                HAL_NVIC_SetPriorityGrouping
 .text.HAL_NVIC_SetPriority
                0x08001032       0x38 cmake/stm32cubemx/CMakeFiles/STM32_Drivers.dir/__/__/Drivers/STM32F1xx_HAL_Driver/Src/stm32f1xx_hal_cortex.c.obj
                0x08001032                HAL_NVIC_SetPriority
 .text.HAL_SYSTICK_Config
                0x0800106a       0x18 cmake/stm32cubemx/CMakeFiles/STM32_Drivers.dir/__/__/Drivers/STM32F1xx_HAL_Driver/Src/stm32f1xx_hal_cortex.c.obj
                0x0800106a                HAL_SYSTICK_Config
 *fill*         0x08001082        0x2 
 .text.main     0x08001084       0xa4 CMakeFiles/HKUST-ELEC3300-Project.dir/Core/Src/main.c.obj
                0x08001084                main
 .text.SystemClock_Config
                0x08001128       0x8a CMakeFiles/HKUST-ELEC3300-Project.dir/Core/Src/main.c.obj
                0x08001128                SystemClock_Config
 *fill*         0x080011b2        0x2 
 .text.MX_GPIO_Init
                0x080011b4       0x98 CMakeFiles/HKUST-ELEC3300-Project.dir/Core/Src/main.c.obj
 .text.Error_Handler
                0x0800124c        0xc CMakeFiles/HKUST-ELEC3300-Project.dir/Core/Src/main.c.obj
                0x0800124c                Error_Handler
 .text.NMI_Handler
                0x08001258        0x8 CMakeFiles/HKUST-ELEC3300-Project.dir/Core/Src/stm32f1xx_it.c.obj
                0x08001258                NMI_Handler
 .text.HardFault_Handler
                0x08001260        0x8 CMakeFiles/HKUST-ELEC3300-Project.dir/Core/Src/stm32f1xx_it.c.obj
                0x08001260                HardFault_Handler
 .text.MemManage_Handler
                0x08001268        0x8 CMakeFiles/HKUST-ELEC3300-Project.dir/Core/Src/stm32f1xx_it.c.obj
                0x08001268                MemManage_Handler
 .text.BusFault_Handler
                0x08001270        0x8 CMakeFiles/HKUST-ELEC3300-Project.dir/Core/Src/stm32f1xx_it.c.obj
                0x08001270                BusFault_Handler
 .text.UsageFault_Handler
                0x08001278        0x8 CMakeFiles/HKUST-ELEC3300-Project.dir/Core/Src/stm32f1xx_it.c.obj
                0x08001278                UsageFault_Handler
 .text.SVC_Handler
                0x08001280        0xc CMakeFiles/HKUST-ELEC3300-Project.dir/Core/Src/stm32f1xx_it.c.obj
                0x08001280                SVC_Handler
 .text.DebugMon_Handler
                0x0800128c        0xc CMakeFiles/HKUST-ELEC3300-Project.dir/Core/Src/stm32f1xx_it.c.obj
                0x0800128c                DebugMon_Handler
 .text.PendSV_Handler
                0x08001298        0xc CMakeFiles/HKUST-ELEC3300-Project.dir/Core/Src/stm32f1xx_it.c.obj
                0x08001298                PendSV_Handler
 .text.SysTick_Handler
                0x080012a4        0xc CMakeFiles/HKUST-ELEC3300-Project.dir/Core/Src/stm32f1xx_it.c.obj
                0x080012a4                SysTick_Handler
 .text.HAL_MspInit
                0x080012b0       0x64 CMakeFiles/HKUST-ELEC3300-Project.dir/Core/Src/stm32f1xx_hal_msp.c.obj
                0x080012b0                HAL_MspInit
 .text.Reset_Handler
                0x08001314       0x48 CMakeFiles/HKUST-ELEC3300-Project.dir/startup_stm32f103xe.s.obj
                0x08001314                Reset_Handler
 .text.Default_Handler
                0x0800135c        0x2 CMakeFiles/HKUST-ELEC3300-Project.dir/startup_stm32f103xe.s.obj
                0x0800135c                RTC_Alarm_IRQHandler
                0x0800135c                EXTI2_IRQHandler
                0x0800135c                TIM8_TRG_COM_IRQHandler
                0x0800135c                TIM8_CC_IRQHandler
                0x0800135c                TIM1_CC_IRQHandler
                0x0800135c                TIM6_IRQHandler
                0x0800135c                PVD_IRQHandler
                0x0800135c                SDIO_IRQHandler
                0x0800135c                EXTI3_IRQHandler
                0x0800135c                EXTI0_IRQHandler
                0x0800135c                I2C2_EV_IRQHandler
                0x0800135c                ADC1_2_IRQHandler
                0x0800135c                SPI1_IRQHandler
                0x0800135c                TAMPER_IRQHandler
                0x0800135c                TIM8_UP_IRQHandler
                0x0800135c                DMA2_Channel2_IRQHandler
                0x0800135c                DMA1_Channel4_IRQHandler
                0x0800135c                USART3_IRQHandler
                0x0800135c                RTC_IRQHandler
                0x0800135c                DMA1_Channel7_IRQHandler
                0x0800135c                CAN1_RX1_IRQHandler
                0x0800135c                UART5_IRQHandler
                0x0800135c                ADC3_IRQHandler
                0x0800135c                TIM4_IRQHandler
                0x0800135c                DMA2_Channel1_IRQHandler
                0x0800135c                I2C1_EV_IRQHandler
                0x0800135c                DMA1_Channel6_IRQHandler
                0x0800135c                UART4_IRQHandler
                0x0800135c                TIM3_IRQHandler
                0x0800135c                RCC_IRQHandler
                0x0800135c                TIM1_TRG_COM_IRQHandler
                0x0800135c                DMA1_Channel1_IRQHandler
                0x0800135c                Default_Handler
                0x0800135c                EXTI15_10_IRQHandler
                0x0800135c                TIM7_IRQHandler
                0x0800135c                TIM5_IRQHandler
                0x0800135c                EXTI9_5_IRQHandler
                0x0800135c                SPI2_IRQHandler
                0x0800135c                DMA1_Channel5_IRQHandler
                0x0800135c                EXTI4_IRQHandler
                0x0800135c                USB_LP_CAN1_RX0_IRQHandler
                0x0800135c                USB_HP_CAN1_TX_IRQHandler
                0x0800135c                DMA1_Channel3_IRQHandler
                0x0800135c                FSMC_IRQHandler
                0x0800135c                TIM1_UP_IRQHandler
                0x0800135c                WWDG_IRQHandler
                0x0800135c                TIM2_IRQHandler
                0x0800135c                TIM1_BRK_IRQHandler
                0x0800135c                EXTI1_IRQHandler
                0x0800135c                DMA2_Channel4_5_IRQHandler
                0x0800135c                USART2_IRQHandler
                0x0800135c                I2C2_ER_IRQHandler
                0x0800135c                DMA1_Channel2_IRQHandler
                0x0800135c                TIM8_BRK_IRQHandler
                0x0800135c                CAN1_SCE_IRQHandler
                0x0800135c                FLASH_IRQHandler
                0x0800135c                USART1_IRQHandler
                0x0800135c                SPI3_IRQHandler
                0x0800135c                I2C1_ER_IRQHandler
                0x0800135c                USBWakeUp_IRQHandler
                0x0800135c                DMA2_Channel3_IRQHandler
 *(.glue_7)
 .glue_7        0x0800135e        0x0 linker stubs
 *(.glue_7t)
 .glue_7t       0x0800135e        0x0 linker stubs
 *(.eh_frame)
 *fill*         0x0800135e        0x2 
 .eh_frame      0x08001360        0x0 C:/Program Files/STMicroelectronics/STM32Cube/STM32CubeCLT_1.18.0/GNU-tools-for-STM32/bin/../lib/gcc/arm-none-eabi/13.3.1/thumb/v7-m/nofp/crtbegin.o
 *(.init)
 .init          0x08001360        0x4 C:/Program Files/STMicroelectronics/STM32Cube/STM32CubeCLT_1.18.0/GNU-tools-for-STM32/bin/../lib/gcc/arm-none-eabi/13.3.1/thumb/v7-m/nofp/crti.o
                0x08001360                _init
 .init          0x08001364        0x8 C:/Program Files/STMicroelectronics/STM32Cube/STM32CubeCLT_1.18.0/GNU-tools-for-STM32/bin/../lib/gcc/arm-none-eabi/13.3.1/thumb/v7-m/nofp/crtn.o
 *(.fini)
 .fini          0x0800136c        0x4 C:/Program Files/STMicroelectronics/STM32Cube/STM32CubeCLT_1.18.0/GNU-tools-for-STM32/bin/../lib/gcc/arm-none-eabi/13.3.1/thumb/v7-m/nofp/crti.o
                0x0800136c                _fini
 .fini          0x08001370        0x8 C:/Program Files/STMicroelectronics/STM32Cube/STM32CubeCLT_1.18.0/GNU-tools-for-STM32/bin/../lib/gcc/arm-none-eabi/13.3.1/thumb/v7-m/nofp/crtn.o
                0x08001378                        . = ALIGN (0x4)
                0x08001378                        _etext = .

.vfp11_veneer   0x08001378        0x0
 .vfp11_veneer  0x08001378        0x0 linker stubs

.v4_bx          0x08001378        0x0
 .v4_bx         0x08001378        0x0 linker stubs

.iplt           0x08001378        0x0
 .iplt          0x08001378        0x0 C:/Program Files/STMicroelectronics/STM32Cube/STM32CubeCLT_1.18.0/GNU-tools-for-STM32/bin/../lib/gcc/arm-none-eabi/13.3.1/thumb/v7-m/nofp/crtbegin.o

.rodata         0x08001378       0x20
                0x08001378                        . = ALIGN (0x4)
 *(.rodata)
 .rodata        0x08001378       0x10 cmake/stm32cubemx/CMakeFiles/STM32_Drivers.dir/__/__/Drivers/STM32F1xx_HAL_Driver/Src/stm32f1xx_hal_rcc.c.obj
 *(.rodata*)
 .rodata.AHBPrescTable
                0x08001388       0x10 cmake/stm32cubemx/CMakeFiles/STM32_Drivers.dir/__/__/Core/Src/system_stm32f1xx.c.obj
                0x08001388                AHBPrescTable
                0x08001398                        . = ALIGN (0x4)

.ARM.extab      0x08001398        0x0
                0x08001398                        . = ALIGN (0x4)
 *(.ARM.extab* .gnu.linkonce.armextab.*)
                0x08001398                        . = ALIGN (0x4)

.ARM            0x08001398        0x0
                0x08001398                        . = ALIGN (0x4)
                0x08001398                        __exidx_start = .
 *(.ARM.exidx*)
                0x08001398                        __exidx_end = .
                0x08001398                        . = ALIGN (0x4)

.preinit_array  0x08001398        0x0
                0x08001398                        . = ALIGN (0x4)
                0x08001398                        PROVIDE (__preinit_array_start = .)
 *(.preinit_array*)
                0x08001398                        PROVIDE (__preinit_array_end = .)
                0x08001398                        . = ALIGN (0x4)

.init_array     0x08001398        0x4
                0x08001398                        . = ALIGN (0x4)
                0x08001398                        PROVIDE (__init_array_start = .)
 *(SORT_BY_NAME(.init_array.*))
 *(.init_array*)
 .init_array    0x08001398        0x4 C:/Program Files/STMicroelectronics/STM32Cube/STM32CubeCLT_1.18.0/GNU-tools-for-STM32/bin/../lib/gcc/arm-none-eabi/13.3.1/thumb/v7-m/nofp/crtbegin.o
                0x0800139c                        PROVIDE (__init_array_end = .)
                0x0800139c                        . = ALIGN (0x4)

.fini_array     0x0800139c        0x4
                0x0800139c                        . = ALIGN (0x4)
                [!provide]                        PROVIDE (__fini_array_start = .)
 *(SORT_BY_NAME(.fini_array.*))
 *(.fini_array*)
 .fini_array    0x0800139c        0x4 C:/Program Files/STMicroelectronics/STM32Cube/STM32CubeCLT_1.18.0/GNU-tools-for-STM32/bin/../lib/gcc/arm-none-eabi/13.3.1/thumb/v7-m/nofp/crtbegin.o
                [!provide]                        PROVIDE (__fini_array_end = .)
                0x080013a0                        . = ALIGN (0x4)
                0x080013a0                        _sidata = LOADADDR (.data)

.rel.dyn        0x080013a0        0x0
 .rel.iplt      0x080013a0        0x0 C:/Program Files/STMicroelectronics/STM32Cube/STM32CubeCLT_1.18.0/GNU-tools-for-STM32/bin/../lib/gcc/arm-none-eabi/13.3.1/thumb/v7-m/nofp/crtbegin.o

.data           0x20000000        0xc load address 0x080013a0
                0x20000000                        . = ALIGN (0x4)
                0x20000000                        _sdata = .
 *(.data)
 *(.data*)
 .data.SystemCoreClock
                0x20000000        0x4 cmake/stm32cubemx/CMakeFiles/STM32_Drivers.dir/__/__/Core/Src/system_stm32f1xx.c.obj
                0x20000000                SystemCoreClock
 .data.uwTickPrio
                0x20000004        0x4 cmake/stm32cubemx/CMakeFiles/STM32_Drivers.dir/__/__/Drivers/STM32F1xx_HAL_Driver/Src/stm32f1xx_hal.c.obj
                0x20000004                uwTickPrio
 .data.uwTickFreq
                0x20000008        0x1 cmake/stm32cubemx/CMakeFiles/STM32_Drivers.dir/__/__/Drivers/STM32F1xx_HAL_Driver/Src/stm32f1xx_hal.c.obj
                0x20000008                uwTickFreq
 *(.RamFunc)
 *(.RamFunc*)
                0x2000000c                        . = ALIGN (0x4)
 *fill*         0x20000009        0x3 
                0x2000000c                        _edata = .

.igot.plt       0x2000000c        0x0 load address 0x080013ac
 .igot.plt      0x2000000c        0x0 C:/Program Files/STMicroelectronics/STM32Cube/STM32CubeCLT_1.18.0/GNU-tools-for-STM32/bin/../lib/gcc/arm-none-eabi/13.3.1/thumb/v7-m/nofp/crtbegin.o
                0x2000000c                        . = ALIGN (0x4)

.bss            0x2000000c       0x20 load address 0x080013ac
                0x2000000c                        _sbss = .
                0x2000000c                        __bss_start__ = _sbss
 *(.bss)
 .bss           0x2000000c       0x1c C:/Program Files/STMicroelectronics/STM32Cube/STM32CubeCLT_1.18.0/GNU-tools-for-STM32/bin/../lib/gcc/arm-none-eabi/13.3.1/thumb/v7-m/nofp/crtbegin.o
 *(.bss*)
 .bss.uwTick    0x20000028        0x4 cmake/stm32cubemx/CMakeFiles/STM32_Drivers.dir/__/__/Drivers/STM32F1xx_HAL_Driver/Src/stm32f1xx_hal.c.obj
                0x20000028                uwTick
 *(COMMON)
                0x2000002c                        . = ALIGN (0x4)
                0x2000002c                        _ebss = .
                0x2000002c                        __bss_end__ = _ebss

._user_heap_stack
                0x2000002c      0x604 load address 0x080013ac
                0x20000030                        . = ALIGN (0x8)
 *fill*         0x2000002c        0x4 
                [!provide]                        PROVIDE (end = .)
                0x20000030                        PROVIDE (_end = .)
                0x20000230                        . = (. + _Min_Heap_Size)
 *fill*         0x20000030      0x200 
                0x20000630                        . = (. + _Min_Stack_Size)
 *fill*         0x20000230      0x400 
                0x20000630                        . = ALIGN (0x8)

/DISCARD/
 libc.a(*)
 libm.a(*)
 libgcc.a(*)
OUTPUT(HKUST-ELEC3300-Project.elf elf32-littlearm)
LOAD linker stubs
LOAD C:/Program Files/STMicroelectronics/STM32Cube/STM32CubeCLT_1.18.0/GNU-tools-for-STM32/bin/../lib/gcc/arm-none-eabi/13.3.1/../../../../arm-none-eabi/lib/thumb/v7-m/nofp\libc.a
LOAD C:/Program Files/STMicroelectronics/STM32Cube/STM32CubeCLT_1.18.0/GNU-tools-for-STM32/bin/../lib/gcc/arm-none-eabi/13.3.1/../../../../arm-none-eabi/lib/thumb/v7-m/nofp\libm.a
LOAD C:/Program Files/STMicroelectronics/STM32Cube/STM32CubeCLT_1.18.0/GNU-tools-for-STM32/bin/../lib/gcc/arm-none-eabi/13.3.1/thumb/v7-m/nofp\libgcc.a

.ARM.attributes
                0x00000000       0x29
 .ARM.attributes
                0x00000000       0x1d C:/Program Files/STMicroelectronics/STM32Cube/STM32CubeCLT_1.18.0/GNU-tools-for-STM32/bin/../lib/gcc/arm-none-eabi/13.3.1/thumb/v7-m/nofp/crti.o
 .ARM.attributes
                0x0000001d       0x2d C:/Program Files/STMicroelectronics/STM32Cube/STM32CubeCLT_1.18.0/GNU-tools-for-STM32/bin/../lib/gcc/arm-none-eabi/13.3.1/thumb/v7-m/nofp/crtbegin.o
 .ARM.attributes
                0x0000004a       0x2d C:/Program Files/STMicroelectronics/STM32Cube/STM32CubeCLT_1.18.0/GNU-tools-for-STM32/bin/../lib/gcc/arm-none-eabi/13.3.1/../../../../arm-none-eabi/lib/thumb/v7-m/nofp\libc_nano.a(libc_a-memset.o)
 .ARM.attributes
                0x00000077       0x2d C:/Program Files/STMicroelectronics/STM32Cube/STM32CubeCLT_1.18.0/GNU-tools-for-STM32/bin/../lib/gcc/arm-none-eabi/13.3.1/../../../../arm-none-eabi/lib/thumb/v7-m/nofp\libc_nano.a(libc_a-init.o)
 .ARM.attributes
                0x000000a4       0x2d cmake/stm32cubemx/CMakeFiles/STM32_Drivers.dir/__/__/Core/Src/system_stm32f1xx.c.obj
 .ARM.attributes
                0x000000d1       0x2d cmake/stm32cubemx/CMakeFiles/STM32_Drivers.dir/__/__/Drivers/STM32F1xx_HAL_Driver/Src/stm32f1xx_hal.c.obj
 .ARM.attributes
                0x000000fe       0x2d cmake/stm32cubemx/CMakeFiles/STM32_Drivers.dir/__/__/Drivers/STM32F1xx_HAL_Driver/Src/stm32f1xx_hal_rcc.c.obj
 .ARM.attributes
                0x0000012b       0x2d cmake/stm32cubemx/CMakeFiles/STM32_Drivers.dir/__/__/Drivers/STM32F1xx_HAL_Driver/Src/stm32f1xx_hal_gpio.c.obj
 .ARM.attributes
                0x00000158       0x2d cmake/stm32cubemx/CMakeFiles/STM32_Drivers.dir/__/__/Drivers/STM32F1xx_HAL_Driver/Src/stm32f1xx_hal_cortex.c.obj
 .ARM.attributes
                0x00000185       0x2d CMakeFiles/HKUST-ELEC3300-Project.dir/Core/Src/main.c.obj
 .ARM.attributes
                0x000001b2       0x2d CMakeFiles/HKUST-ELEC3300-Project.dir/Core/Src/stm32f1xx_it.c.obj
 .ARM.attributes
                0x000001df       0x2d CMakeFiles/HKUST-ELEC3300-Project.dir/Core/Src/stm32f1xx_hal_msp.c.obj
 .ARM.attributes
                0x0000020c       0x21 CMakeFiles/HKUST-ELEC3300-Project.dir/startup_stm32f103xe.s.obj
 .ARM.attributes
                0x0000022d       0x1d C:/Program Files/STMicroelectronics/STM32Cube/STM32CubeCLT_1.18.0/GNU-tools-for-STM32/bin/../lib/gcc/arm-none-eabi/13.3.1/thumb/v7-m/nofp/crtn.o

.comment        0x00000000       0x43
 .comment       0x00000000       0x43 cmake/stm32cubemx/CMakeFiles/STM32_Drivers.dir/__/__/Core/Src/system_stm32f1xx.c.obj
                                 0x44 (size before relaxing)
 .comment       0x00000043       0x44 cmake/stm32cubemx/CMakeFiles/STM32_Drivers.dir/__/__/Drivers/STM32F1xx_HAL_Driver/Src/stm32f1xx_hal.c.obj
 .comment       0x00000043       0x44 cmake/stm32cubemx/CMakeFiles/STM32_Drivers.dir/__/__/Drivers/STM32F1xx_HAL_Driver/Src/stm32f1xx_hal_rcc.c.obj
 .comment       0x00000043       0x44 cmake/stm32cubemx/CMakeFiles/STM32_Drivers.dir/__/__/Drivers/STM32F1xx_HAL_Driver/Src/stm32f1xx_hal_gpio.c.obj
 .comment       0x00000043       0x44 cmake/stm32cubemx/CMakeFiles/STM32_Drivers.dir/__/__/Drivers/STM32F1xx_HAL_Driver/Src/stm32f1xx_hal_cortex.c.obj
 .comment       0x00000043       0x44 CMakeFiles/HKUST-ELEC3300-Project.dir/Core/Src/main.c.obj
 .comment       0x00000043       0x44 CMakeFiles/HKUST-ELEC3300-Project.dir/Core/Src/stm32f1xx_it.c.obj
 .comment       0x00000043       0x44 CMakeFiles/HKUST-ELEC3300-Project.dir/Core/Src/stm32f1xx_hal_msp.c.obj

.debug_frame    0x00000000      0xd38
 .debug_frame   0x00000000       0x20 C:/Program Files/STMicroelectronics/STM32Cube/STM32CubeCLT_1.18.0/GNU-tools-for-STM32/bin/../lib/gcc/arm-none-eabi/13.3.1/../../../../arm-none-eabi/lib/thumb/v7-m/nofp\libc_nano.a(libc_a-memset.o)
 .debug_frame   0x00000020       0x2c C:/Program Files/STMicroelectronics/STM32Cube/STM32CubeCLT_1.18.0/GNU-tools-for-STM32/bin/../lib/gcc/arm-none-eabi/13.3.1/../../../../arm-none-eabi/lib/thumb/v7-m/nofp\libc_nano.a(libc_a-init.o)
 .debug_frame   0x0000004c       0x58 cmake/stm32cubemx/CMakeFiles/STM32_Drivers.dir/__/__/Core/Src/system_stm32f1xx.c.obj
 .debug_frame   0x000000a4      0x334 cmake/stm32cubemx/CMakeFiles/STM32_Drivers.dir/__/__/Drivers/STM32F1xx_HAL_Driver/Src/stm32f1xx_hal.c.obj
 .debug_frame   0x000003d8      0x21c cmake/stm32cubemx/CMakeFiles/STM32_Drivers.dir/__/__/Drivers/STM32F1xx_HAL_Driver/Src/stm32f1xx_hal_rcc.c.obj
 .debug_frame   0x000005f4      0x14c cmake/stm32cubemx/CMakeFiles/STM32_Drivers.dir/__/__/Drivers/STM32F1xx_HAL_Driver/Src/stm32f1xx_hal_gpio.c.obj
 .debug_frame   0x00000740      0x428 cmake/stm32cubemx/CMakeFiles/STM32_Drivers.dir/__/__/Drivers/STM32F1xx_HAL_Driver/Src/stm32f1xx_hal_cortex.c.obj
 .debug_frame   0x00000b68       0x94 CMakeFiles/HKUST-ELEC3300-Project.dir/Core/Src/main.c.obj
 .debug_frame   0x00000bfc      0x104 CMakeFiles/HKUST-ELEC3300-Project.dir/Core/Src/stm32f1xx_it.c.obj
 .debug_frame   0x00000d00       0x38 CMakeFiles/HKUST-ELEC3300-Project.dir/Core/Src/stm32f1xx_hal_msp.c.obj

.debug_info     0x00000000     0x2a2f
 .debug_info    0x00000000      0x222 cmake/stm32cubemx/CMakeFiles/STM32_Drivers.dir/__/__/Core/Src/system_stm32f1xx.c.obj
 .debug_info    0x00000222      0x76a cmake/stm32cubemx/CMakeFiles/STM32_Drivers.dir/__/__/Drivers/STM32F1xx_HAL_Driver/Src/stm32f1xx_hal.c.obj
 .debug_info    0x0000098c      0x7e9 cmake/stm32cubemx/CMakeFiles/STM32_Drivers.dir/__/__/Drivers/STM32F1xx_HAL_Driver/Src/stm32f1xx_hal_rcc.c.obj
 .debug_info    0x00001175      0x5ab cmake/stm32cubemx/CMakeFiles/STM32_Drivers.dir/__/__/Drivers/STM32F1xx_HAL_Driver/Src/stm32f1xx_hal_gpio.c.obj
 .debug_info    0x00001720      0xaed cmake/stm32cubemx/CMakeFiles/STM32_Drivers.dir/__/__/Drivers/STM32F1xx_HAL_Driver/Src/stm32f1xx_hal_cortex.c.obj
 .debug_info    0x0000220d      0x4ee CMakeFiles/HKUST-ELEC3300-Project.dir/Core/Src/main.c.obj
 .debug_info    0x000026fb      0x113 CMakeFiles/HKUST-ELEC3300-Project.dir/Core/Src/stm32f1xx_it.c.obj
 .debug_info    0x0000280e      0x1f1 CMakeFiles/HKUST-ELEC3300-Project.dir/Core/Src/stm32f1xx_hal_msp.c.obj
 .debug_info    0x000029ff       0x30 CMakeFiles/HKUST-ELEC3300-Project.dir/startup_stm32f103xe.s.obj

.debug_abbrev   0x00000000      0xe1d
 .debug_abbrev  0x00000000      0x13f cmake/stm32cubemx/CMakeFiles/STM32_Drivers.dir/__/__/Core/Src/system_stm32f1xx.c.obj
 .debug_abbrev  0x0000013f      0x201 cmake/stm32cubemx/CMakeFiles/STM32_Drivers.dir/__/__/Drivers/STM32F1xx_HAL_Driver/Src/stm32f1xx_hal.c.obj
 .debug_abbrev  0x00000340      0x2b1 cmake/stm32cubemx/CMakeFiles/STM32_Drivers.dir/__/__/Drivers/STM32F1xx_HAL_Driver/Src/stm32f1xx_hal_rcc.c.obj
 .debug_abbrev  0x000005f1      0x1ca cmake/stm32cubemx/CMakeFiles/STM32_Drivers.dir/__/__/Drivers/STM32F1xx_HAL_Driver/Src/stm32f1xx_hal_gpio.c.obj
 .debug_abbrev  0x000007bb      0x2f8 cmake/stm32cubemx/CMakeFiles/STM32_Drivers.dir/__/__/Drivers/STM32F1xx_HAL_Driver/Src/stm32f1xx_hal_cortex.c.obj
 .debug_abbrev  0x00000ab3      0x1f8 CMakeFiles/HKUST-ELEC3300-Project.dir/Core/Src/main.c.obj
 .debug_abbrev  0x00000cab       0x73 CMakeFiles/HKUST-ELEC3300-Project.dir/Core/Src/stm32f1xx_it.c.obj
 .debug_abbrev  0x00000d1e       0xdb CMakeFiles/HKUST-ELEC3300-Project.dir/Core/Src/stm32f1xx_hal_msp.c.obj
 .debug_abbrev  0x00000df9       0x24 CMakeFiles/HKUST-ELEC3300-Project.dir/startup_stm32f103xe.s.obj

.debug_aranges  0x00000000      0x3d0
 .debug_aranges
                0x00000000       0x28 cmake/stm32cubemx/CMakeFiles/STM32_Drivers.dir/__/__/Core/Src/system_stm32f1xx.c.obj
 .debug_aranges
                0x00000028       0xe0 cmake/stm32cubemx/CMakeFiles/STM32_Drivers.dir/__/__/Drivers/STM32F1xx_HAL_Driver/Src/stm32f1xx_hal.c.obj
 .debug_aranges
                0x00000108       0x90 cmake/stm32cubemx/CMakeFiles/STM32_Drivers.dir/__/__/Drivers/STM32F1xx_HAL_Driver/Src/stm32f1xx_hal_rcc.c.obj
 .debug_aranges
                0x00000198       0x58 cmake/stm32cubemx/CMakeFiles/STM32_Drivers.dir/__/__/Drivers/STM32F1xx_HAL_Driver/Src/stm32f1xx_hal_gpio.c.obj
 .debug_aranges
                0x000001f0      0x100 cmake/stm32cubemx/CMakeFiles/STM32_Drivers.dir/__/__/Drivers/STM32F1xx_HAL_Driver/Src/stm32f1xx_hal_cortex.c.obj
 .debug_aranges
                0x000002f0       0x38 CMakeFiles/HKUST-ELEC3300-Project.dir/Core/Src/main.c.obj
 .debug_aranges
                0x00000328       0x60 CMakeFiles/HKUST-ELEC3300-Project.dir/Core/Src/stm32f1xx_it.c.obj
 .debug_aranges
                0x00000388       0x20 CMakeFiles/HKUST-ELEC3300-Project.dir/Core/Src/stm32f1xx_hal_msp.c.obj
 .debug_aranges
                0x000003a8       0x28 CMakeFiles/HKUST-ELEC3300-Project.dir/startup_stm32f103xe.s.obj

.debug_rnglists
                0x00000000      0x2ba
 .debug_rnglists
                0x00000000       0x1a cmake/stm32cubemx/CMakeFiles/STM32_Drivers.dir/__/__/Core/Src/system_stm32f1xx.c.obj
 .debug_rnglists
                0x0000001a       0xa3 cmake/stm32cubemx/CMakeFiles/STM32_Drivers.dir/__/__/Drivers/STM32F1xx_HAL_Driver/Src/stm32f1xx_hal.c.obj
 .debug_rnglists
                0x000000bd       0x6c cmake/stm32cubemx/CMakeFiles/STM32_Drivers.dir/__/__/Drivers/STM32F1xx_HAL_Driver/Src/stm32f1xx_hal_rcc.c.obj
 .debug_rnglists
                0x00000129       0x3f cmake/stm32cubemx/CMakeFiles/STM32_Drivers.dir/__/__/Drivers/STM32F1xx_HAL_Driver/Src/stm32f1xx_hal_gpio.c.obj
 .debug_rnglists
                0x00000168       0xbb cmake/stm32cubemx/CMakeFiles/STM32_Drivers.dir/__/__/Drivers/STM32F1xx_HAL_Driver/Src/stm32f1xx_hal_cortex.c.obj
 .debug_rnglists
                0x00000223       0x28 CMakeFiles/HKUST-ELEC3300-Project.dir/Core/Src/main.c.obj
 .debug_rnglists
                0x0000024b       0x43 CMakeFiles/HKUST-ELEC3300-Project.dir/Core/Src/stm32f1xx_it.c.obj
 .debug_rnglists
                0x0000028e       0x13 CMakeFiles/HKUST-ELEC3300-Project.dir/Core/Src/stm32f1xx_hal_msp.c.obj
 .debug_rnglists
                0x000002a1       0x19 CMakeFiles/HKUST-ELEC3300-Project.dir/startup_stm32f103xe.s.obj

.debug_macro    0x00000000    0x178df
 .debug_macro   0x00000000      0x184 cmake/stm32cubemx/CMakeFiles/STM32_Drivers.dir/__/__/Core/Src/system_stm32f1xx.c.obj
 .debug_macro   0x00000184      0xacc cmake/stm32cubemx/CMakeFiles/STM32_Drivers.dir/__/__/Core/Src/system_stm32f1xx.c.obj
 .debug_macro   0x00000c50       0x2e cmake/stm32cubemx/CMakeFiles/STM32_Drivers.dir/__/__/Core/Src/system_stm32f1xx.c.obj
 .debug_macro   0x00000c7e       0x22 cmake/stm32cubemx/CMakeFiles/STM32_Drivers.dir/__/__/Core/Src/system_stm32f1xx.c.obj
 .debug_macro   0x00000ca0       0x22 cmake/stm32cubemx/CMakeFiles/STM32_Drivers.dir/__/__/Core/Src/system_stm32f1xx.c.obj
 .debug_macro   0x00000cc2       0x8e cmake/stm32cubemx/CMakeFiles/STM32_Drivers.dir/__/__/Core/Src/system_stm32f1xx.c.obj
 .debug_macro   0x00000d50       0x51 cmake/stm32cubemx/CMakeFiles/STM32_Drivers.dir/__/__/Core/Src/system_stm32f1xx.c.obj
 .debug_macro   0x00000da1      0x103 cmake/stm32cubemx/CMakeFiles/STM32_Drivers.dir/__/__/Core/Src/system_stm32f1xx.c.obj
 .debug_macro   0x00000ea4       0x6a cmake/stm32cubemx/CMakeFiles/STM32_Drivers.dir/__/__/Core/Src/system_stm32f1xx.c.obj
 .debug_macro   0x00000f0e      0x1df cmake/stm32cubemx/CMakeFiles/STM32_Drivers.dir/__/__/Core/Src/system_stm32f1xx.c.obj
 .debug_macro   0x000010ed       0x1c cmake/stm32cubemx/CMakeFiles/STM32_Drivers.dir/__/__/Core/Src/system_stm32f1xx.c.obj
 .debug_macro   0x00001109       0x22 cmake/stm32cubemx/CMakeFiles/STM32_Drivers.dir/__/__/Core/Src/system_stm32f1xx.c.obj
 .debug_macro   0x0000112b       0xbd cmake/stm32cubemx/CMakeFiles/STM32_Drivers.dir/__/__/Core/Src/system_stm32f1xx.c.obj
 .debug_macro   0x000011e8      0xd23 cmake/stm32cubemx/CMakeFiles/STM32_Drivers.dir/__/__/Core/Src/system_stm32f1xx.c.obj
 .debug_macro   0x00001f0b     0xfd8c cmake/stm32cubemx/CMakeFiles/STM32_Drivers.dir/__/__/Core/Src/system_stm32f1xx.c.obj
 .debug_macro   0x00011c97       0x6d cmake/stm32cubemx/CMakeFiles/STM32_Drivers.dir/__/__/Core/Src/system_stm32f1xx.c.obj
 .debug_macro   0x00011d04      0x20f cmake/stm32cubemx/CMakeFiles/STM32_Drivers.dir/__/__/Core/Src/system_stm32f1xx.c.obj
 .debug_macro   0x00011f13     0x3468 cmake/stm32cubemx/CMakeFiles/STM32_Drivers.dir/__/__/Core/Src/system_stm32f1xx.c.obj
 .debug_macro   0x0001537b      0x190 cmake/stm32cubemx/CMakeFiles/STM32_Drivers.dir/__/__/Core/Src/system_stm32f1xx.c.obj
 .debug_macro   0x0001550b       0x5c cmake/stm32cubemx/CMakeFiles/STM32_Drivers.dir/__/__/Core/Src/system_stm32f1xx.c.obj
 .debug_macro   0x00015567      0x5be cmake/stm32cubemx/CMakeFiles/STM32_Drivers.dir/__/__/Core/Src/system_stm32f1xx.c.obj
 .debug_macro   0x00015b25      0x4d5 cmake/stm32cubemx/CMakeFiles/STM32_Drivers.dir/__/__/Core/Src/system_stm32f1xx.c.obj
 .debug_macro   0x00015ffa      0x1cb cmake/stm32cubemx/CMakeFiles/STM32_Drivers.dir/__/__/Core/Src/system_stm32f1xx.c.obj
 .debug_macro   0x000161c5      0x114 cmake/stm32cubemx/CMakeFiles/STM32_Drivers.dir/__/__/Core/Src/system_stm32f1xx.c.obj
 .debug_macro   0x000162d9      0x1ea cmake/stm32cubemx/CMakeFiles/STM32_Drivers.dir/__/__/Core/Src/system_stm32f1xx.c.obj
 .debug_macro   0x000164c3       0x27 cmake/stm32cubemx/CMakeFiles/STM32_Drivers.dir/__/__/Core/Src/system_stm32f1xx.c.obj
 .debug_macro   0x000164ea      0x144 cmake/stm32cubemx/CMakeFiles/STM32_Drivers.dir/__/__/Core/Src/system_stm32f1xx.c.obj
 .debug_macro   0x0001662e      0x1bc cmake/stm32cubemx/CMakeFiles/STM32_Drivers.dir/__/__/Core/Src/system_stm32f1xx.c.obj
 .debug_macro   0x000167ea       0x30 cmake/stm32cubemx/CMakeFiles/STM32_Drivers.dir/__/__/Core/Src/system_stm32f1xx.c.obj
 .debug_macro   0x0001681a       0x3c cmake/stm32cubemx/CMakeFiles/STM32_Drivers.dir/__/__/Core/Src/system_stm32f1xx.c.obj
 .debug_macro   0x00016856       0x57 cmake/stm32cubemx/CMakeFiles/STM32_Drivers.dir/__/__/Core/Src/system_stm32f1xx.c.obj
 .debug_macro   0x000168ad       0x88 cmake/stm32cubemx/CMakeFiles/STM32_Drivers.dir/__/__/Core/Src/system_stm32f1xx.c.obj
 .debug_macro   0x00016935      0x24f cmake/stm32cubemx/CMakeFiles/STM32_Drivers.dir/__/__/Core/Src/system_stm32f1xx.c.obj
 .debug_macro   0x00016b84      0x141 cmake/stm32cubemx/CMakeFiles/STM32_Drivers.dir/__/__/Core/Src/system_stm32f1xx.c.obj
 .debug_macro   0x00016cc5       0xb5 cmake/stm32cubemx/CMakeFiles/STM32_Drivers.dir/__/__/Core/Src/system_stm32f1xx.c.obj
 .debug_macro   0x00016d7a      0x1a8 cmake/stm32cubemx/CMakeFiles/STM32_Drivers.dir/__/__/Drivers/STM32F1xx_HAL_Driver/Src/stm32f1xx_hal.c.obj
 .debug_macro   0x00016f22      0x196 cmake/stm32cubemx/CMakeFiles/STM32_Drivers.dir/__/__/Drivers/STM32F1xx_HAL_Driver/Src/stm32f1xx_hal_rcc.c.obj
 .debug_macro   0x000170b8      0x1ef cmake/stm32cubemx/CMakeFiles/STM32_Drivers.dir/__/__/Drivers/STM32F1xx_HAL_Driver/Src/stm32f1xx_hal_gpio.c.obj
 .debug_macro   0x000172a7      0x184 cmake/stm32cubemx/CMakeFiles/STM32_Drivers.dir/__/__/Drivers/STM32F1xx_HAL_Driver/Src/stm32f1xx_hal_cortex.c.obj
 .debug_macro   0x0001742b      0x18e CMakeFiles/HKUST-ELEC3300-Project.dir/Core/Src/main.c.obj
 .debug_macro   0x000175b9      0x198 CMakeFiles/HKUST-ELEC3300-Project.dir/Core/Src/stm32f1xx_it.c.obj
 .debug_macro   0x00017751      0x18e CMakeFiles/HKUST-ELEC3300-Project.dir/Core/Src/stm32f1xx_hal_msp.c.obj

.debug_line     0x00000000     0x4dc8
 .debug_line    0x00000000      0x7b2 cmake/stm32cubemx/CMakeFiles/STM32_Drivers.dir/__/__/Core/Src/system_stm32f1xx.c.obj
 .debug_line    0x000007b2      0x9e3 cmake/stm32cubemx/CMakeFiles/STM32_Drivers.dir/__/__/Drivers/STM32F1xx_HAL_Driver/Src/stm32f1xx_hal.c.obj
 .debug_line    0x00001195      0xe9e cmake/stm32cubemx/CMakeFiles/STM32_Drivers.dir/__/__/Drivers/STM32F1xx_HAL_Driver/Src/stm32f1xx_hal_rcc.c.obj
 .debug_line    0x00002033      0xa66 cmake/stm32cubemx/CMakeFiles/STM32_Drivers.dir/__/__/Drivers/STM32F1xx_HAL_Driver/Src/stm32f1xx_hal_gpio.c.obj
 .debug_line    0x00002a99      0xbad cmake/stm32cubemx/CMakeFiles/STM32_Drivers.dir/__/__/Drivers/STM32F1xx_HAL_Driver/Src/stm32f1xx_hal_cortex.c.obj
 .debug_line    0x00003646      0x7f3 CMakeFiles/HKUST-ELEC3300-Project.dir/Core/Src/main.c.obj
 .debug_line    0x00003e39      0x7e2 CMakeFiles/HKUST-ELEC3300-Project.dir/Core/Src/stm32f1xx_it.c.obj
 .debug_line    0x0000461b      0x734 CMakeFiles/HKUST-ELEC3300-Project.dir/Core/Src/stm32f1xx_hal_msp.c.obj
 .debug_line    0x00004d4f       0x79 CMakeFiles/HKUST-ELEC3300-Project.dir/startup_stm32f103xe.s.obj

.debug_str      0x00000000    0x8a05f
 .debug_str     0x00000000    0x8a05f cmake/stm32cubemx/CMakeFiles/STM32_Drivers.dir/__/__/Core/Src/system_stm32f1xx.c.obj
                              0x89007 (size before relaxing)
 .debug_str     0x0008a05f    0x8981e cmake/stm32cubemx/CMakeFiles/STM32_Drivers.dir/__/__/Drivers/STM32F1xx_HAL_Driver/Src/stm32f1xx_hal.c.obj
 .debug_str     0x0008a05f    0x89436 cmake/stm32cubemx/CMakeFiles/STM32_Drivers.dir/__/__/Drivers/STM32F1xx_HAL_Driver/Src/stm32f1xx_hal_rcc.c.obj
 .debug_str     0x0008a05f    0x8938d cmake/stm32cubemx/CMakeFiles/STM32_Drivers.dir/__/__/Drivers/STM32F1xx_HAL_Driver/Src/stm32f1xx_hal_gpio.c.obj
 .debug_str     0x0008a05f    0x8976a cmake/stm32cubemx/CMakeFiles/STM32_Drivers.dir/__/__/Drivers/STM32F1xx_HAL_Driver/Src/stm32f1xx_hal_cortex.c.obj
 .debug_str     0x0008a05f    0x8920e CMakeFiles/HKUST-ELEC3300-Project.dir/Core/Src/main.c.obj
 .debug_str     0x0008a05f    0x88ff1 CMakeFiles/HKUST-ELEC3300-Project.dir/Core/Src/stm32f1xx_it.c.obj
 .debug_str     0x0008a05f    0x88fdc CMakeFiles/HKUST-ELEC3300-Project.dir/Core/Src/stm32f1xx_hal_msp.c.obj
 .debug_str     0x0008a05f       0xc0 CMakeFiles/HKUST-ELEC3300-Project.dir/startup_stm32f103xe.s.obj

.debug_line_str
                0x00000000       0xa4
 .debug_line_str
                0x00000000       0xa4 CMakeFiles/HKUST-ELEC3300-Project.dir/startup_stm32f103xe.s.obj
